<html>
<body>
<pre>
<h1>µVision Build Log</h1>
<h2>Tool Versions:</h2>
IDE-Version: µVision V5.16a
Copyright (C) 2015 ARM Ltd and ARM Germany GmbH. All rights reserved.
License Information: J D, P, LIC=----
 
Tool Versions:
Toolchain:       MDK-Lite  Version: 5.16a
Toolchain Path:  C:\Keil_v5\ARM\ARMCC\Bin
C Compiler:      Armcc.exe V5.06 (build 20)
Assembler:       Armasm.exe V5.06 (build 20)
Linker/Locator:  ArmLink.exe V5.06 (build 20)
Library Manager: ArmAr.exe V5.06 (build 20)
Hex Converter:   FromElf.exe V5.06 (build 20)
CPU DLL:         SARMCM3.DLL V5.16a
Dialog DLL:      DCM.DLL V1.13.2.0
Target DLL:      STLink\ST-LINKIII-KEIL_SWO.dll V2.0.17.0
Dialog DLL:      TCM.DLL V1.14.5.0
 
<h2>Project:</h2>
C:\Users\Dong\Desktop\Serial_Port_Example - Copy\Blinky.uvprojx
Project File Date:  12/22/2015

<h2>Output:</h2>
*** Using Compiler 'V5.06 (build 20)', folder: 'C:\Keil_v5\ARM\ARMCC\Bin'
Build target 'STM32F407 Flash'
compiling main.c...
.\PWM\led_timer.h(4): warning:  #1295-D: Deprecated declaration led_timer_init - give arg types
  void led_timer_init();
.\PWM\led_timer.h(5): warning:  #1295-D: Deprecated declaration led_timer_reset - give arg types
  void led_timer_reset();
.\PWM\led_pwm.h(15): warning:  #1-D: last line of file ends without a newline
  #endif
.\speaker\speaker.h(7): warning:  #1295-D: Deprecated declaration init_speaker - give arg types
  void init_speaker(); // initialize the speaker (audio output)
.\speaker\speaker.h(10): warning:  #1-D: last line of file ends without a newline
  #endif
serial_port_usb/serial_port_usb.h(8): warning:  #1295-D: Deprecated declaration init_serial_port_usb - give arg types
  void init_serial_port_usb(); 
serial_port_usb/serial_port_usb.h(11): warning:  #1295-D: Deprecated declaration is_serial_port_usb_connected - give arg types
  uint8_t is_serial_port_usb_connected(); 
main.c: 7 warnings, 0 errors
linking...
Program Size: Code=18972 RO-data=2476 RW-data=1180 ZI-data=5740  
".\Flash\Blinky.axf" - 0 Error(s), 7 Warning(s).

<h2>Software Packages used:</h2>

Package Vendor: ARM
                http://www.keil.com/pack/ARM.CMSIS.4.3.0.pack
                ARM::CMSIS:DSP:1.4.5
                CMSIS (Cortex Microcontroller Software Interface Standard)
   * Component: DSP Version: 1.4.5
   * Component: CORE Version: 4.1.0

<h2>Collection of Component include folders:</h2>
  C:\Users\Dong\Desktop\Serial_Port_Example - Copy\RTE
  C:\Keil_v5\ARM\PACK\ARM\CMSIS\4.3.0\CMSIS\Include
  C:\Keil_v5\ARM\PACK\Keil\STM32F4xx_DFP\2.6.0\Drivers\CMSIS\Device\ST\STM32F4xx\Include

<h2>Collection of Component Files used:</h2>

   * Component: ARM::CMSIS:DSP:1.4.5
      Library file:  CMSIS\Lib\ARM\arm_cortexM4lf_math.lib
      Include file:  CMSIS\Include\arm_math.h

   * Component: ARM::CMSIS:CORE:4.1.0
Build Time Elapsed:  00:00:01
</pre>
</body>
</html>
