Component: ARM Compiler 5.06 (build 20) Tool: armlink [4d35a3]

==============================================================================

Section Cross References

    main.o(.text) refers to system_stm32f4xx.o(.text) for SystemCoreClockUpdate
    main.o(.text) refers to serial_port_usb.o(.text) for init_serial_port_usb
    main.o(.text) refers to speaker.o(.text) for init_speaker
    main.o(.text) refers to dfltui.o(.text) for __aeabi_ui2d
    main.o(.text) refers to ddiv.o(.text) for __aeabi_ddiv
    main.o(.text) refers to d2f.o(.text) for __aeabi_d2f
    main.o(.text) refers to arm_sin_f32.o(.text) for arm_sin_f32
    main.o(.text) refers to main.o(.data) for .data
    main.o(.text) refers to system_stm32f4xx.o(.data) for SystemCoreClock
    stm32f4xx_adc.o(.text) refers to stm32f4xx_rcc.o(.text) for RCC_APB2PeriphResetCmd
    stm32f4xx_rcc.o(.text) refers to stm32f4xx_rcc.o(.data) for .data
    stm32f4xx_spi.o(.text) refers to stm32f4xx_rcc.o(.text) for RCC_APB2PeriphResetCmd
    stm32f4xx_i2c.o(.text) refers to stm32f4xx_rcc.o(.text) for RCC_APB1PeriphResetCmd
    stm32f4xx_gpio.o(.text) refers to stm32f4xx_rcc.o(.text) for RCC_AHB1PeriphResetCmd
    stm32f4xx_tim.o(.text) refers to stm32f4xx_rcc.o(.text) for RCC_APB2PeriphResetCmd
    keyboard.o(.text) refers to gpio_stm32f4xx.o(.text) for GPIO_PortClock
    led.o(.text) refers to gpio_stm32f4xx.o(.text) for GPIO_PortClock
    led.o(.text) refers to led.o(.constdata) for .constdata
    board_buttons.o(.text) refers to keyboard.o(.text) for Keyboard_Initialize
    board_led.o(.text) refers to led.o(.text) for LED_Out
    system_stm32f4xx.o(.text) refers to system_stm32f4xx.o(.data) for .data
    startup_stm32f407xx.o(RESET) refers to startup_stm32f407xx.o(STACK) for __initial_sp
    startup_stm32f407xx.o(RESET) refers to startup_stm32f407xx.o(.text) for Reset_Handler
    startup_stm32f407xx.o(RESET) refers to main.o(.text) for SysTick_Handler
    startup_stm32f407xx.o(RESET) refers to microphone.o(.text) for SPI2_IRQHandler
    startup_stm32f407xx.o(RESET) refers to usb_bsp.o(.text) for OTG_FS_WKUP_IRQHandler
    startup_stm32f407xx.o(.text) refers to system_stm32f4xx.o(.text) for SystemInit
    startup_stm32f407xx.o(.text) refers to entry.o(.ARM.Collect$$$$00000000) for __main
    microphone.o(.text) refers to stm32f4xx_rcc.o(.text) for RCC_AHB1PeriphClockCmd
    microphone.o(.text) refers to pdm_filter.o(.text) for PDM_Filter_Init
    microphone.o(.text) refers to stm32f4xx_gpio.o(.text) for GPIO_Init
    microphone.o(.text) refers to misc.o(.text) for NVIC_Init
    microphone.o(.text) refers to stm32f4xx_spi.o(.text) for I2S_Init
    microphone.o(.text) refers to microphone.o(.bss) for .bss
    microphone.o(.text) refers to microphone.o(.data) for .data
    microphone.o(.text) refers to microphone_functions.o(.data) for mic_out_buf
    sound_loudness.o(.text) refers to arm_rms_f32.o(.text) for arm_rms_f32
    microphone_functions.o(.text) refers to microphone.o(.text) for mp45dt02_init
    microphone_functions.o(.text) refers to microphone_functions.o(.bss) for .bss
    microphone_functions.o(.text) refers to microphone_functions.o(.data) for .data
    microphone_functions.o(.text) refers to microphone.o(.data) for Audio_Data_Status
    led_pwm.o(.text) refers to dfltui.o(.text) for __aeabi_ui2d
    led_pwm.o(.text) refers to ddiv.o(.text) for __aeabi_ddiv
    led_pwm.o(.text) refers to f2d.o(.text) for __aeabi_f2d
    led_pwm.o(.text) refers to dmul.o(.text) for __aeabi_dmul
    led_pwm.o(.text) refers to dfixui.o(.text) for __aeabi_d2uiz
    led_timer.o(.text) refers to stm32f4xx_rcc.o(.text) for RCC_AHB1PeriphClockCmd
    led_timer.o(.text) refers to stm32f4xx_gpio.o(.text) for GPIO_PinAFConfig
    led_timer.o(.text) refers to stm32f4xx_tim.o(.text) for TIM_TimeBaseInit
    codec.o(.text) refers to stm32f4xx_gpio.o(.text) for GPIO_StructInit
    codec.o(.text) refers to stm32f4xx_rcc.o(.text) for RCC_AHB1PeriphClockCmd
    codec.o(.text) refers to stm32f4xx_spi.o(.text) for SPI_I2S_DeInit
    codec.o(.text) refers to stm32f4xx_i2c.o(.text) for I2C_DeInit
    speaker.o(.text) refers to stm32f4xx_rcc.o(.text) for RCC_AHB1PeriphClockCmd
    speaker.o(.text) refers to codec.o(.text) for codec_init
    speaker.o(.text) refers to stm32f4xx_spi.o(.text) for I2S_Cmd
    serial_port_usb.o(.text) refers to tm_stm32f4_usb_vcp.o(.text) for TM_USB_VCP_Init
    tm_stm32f4_usb_vcp.o(.text) refers to usbd_core.o(.text) for USBD_Init
    tm_stm32f4_usb_vcp.o(.text) refers to usbd_cdc_vcp.o(.text) for VCP_DataTx
    tm_stm32f4_usb_vcp.o(.text) refers to usbd_usr.o(.data) for USR_cb
    tm_stm32f4_usb_vcp.o(.text) refers to usbd_cdc_core.o(.data) for USBD_CDC_cb
    tm_stm32f4_usb_vcp.o(.text) refers to usbd_desc.o(.data) for USR_desc
    tm_stm32f4_usb_vcp.o(.text) refers to tm_stm32f4_usb_vcp.o(.bss) for .bss
[...]
    pdm_filter.o(.text) refers to dadd.o(.text) for __aeabi_dadd
    pdm_filter.o(.text) refers to fscalb.o(.text) for __ARM_scalbnf
    pdm_filter.o(.text) refers to dfixui.o(.text) for __aeabi_d2uiz
    pdm_filter.o(.text) refers to dmul.o(.text) for __aeabi_dmul
    pdm_filter.o(.text) refers to pdm_filter.o(.data) for .data
    arm_sin_f32.o(.text) refers to arm_common_tables.o(.constdata) for sinTable_f32
    entry.o(.ARM.Collect$$$$00000000) refers (Special) to entry10a.o(.ARM.Collect$$$$0000000D) for __rt_final_cpp
    entry.o(.ARM.Collect$$$$00000000) refers (Special) to entry11a.o(.ARM.Collect$$$$0000000F) for __rt_final_exit
    entry.o(.ARM.Collect$$$$00000000) refers (Special) to entry7b.o(.ARM.Collect$$$$00000008) for _main_clock
    entry.o(.ARM.Collect$$$$00000000) refers (Special) to entry8b.o(.ARM.Collect$$$$0000000A) for _main_cpp_init
    entry.o(.ARM.Collect$$$$00000000) refers (Special) to entry9a.o(.ARM.Collect$$$$0000000B) for _main_init
    entry.o(.ARM.Collect$$$$00000000) refers (Special) to entry5.o(.ARM.Collect$$$$00000004) for _main_scatterload
    entry.o(.ARM.Collect$$$$00000000) refers (Special) to entry2.o(.ARM.Collect$$$$00000001) for _main_stk
    fscalb.o(.text) refers (Special) to iusefp.o(.text) for __I$use$fp
    dadd.o(.text) refers (Special) to iusefp.o(.text) for __I$use$fp
    dadd.o(.text) refers to llshl.o(.text) for __aeabi_llsl
    dadd.o(.text) refers to llsshr.o(.text) for __aeabi_lasr
    dadd.o(.text) refers to depilogue.o(.text) for _double_epilogue
    dmul.o(.text) refers (Special) to iusefp.o(.text) for __I$use$fp
    dmul.o(.text) refers to depilogue.o(.text) for _double_epilogue
    ddiv.o(.text) refers (Special) to iusefp.o(.text) for __I$use$fp
    ddiv.o(.text) refers to depilogue.o(.text) for _double_round
    dfltui.o(.text) refers (Special) to iusefp.o(.text) for __I$use$fp
    dfltui.o(.text) refers to depilogue.o(.text) for _double_epilogue
    dfixui.o(.text) refers (Special) to iusefp.o(.text) for __I$use$fp
    dfixui.o(.text) refers to llushr.o(.text) for __aeabi_llsr
    f2d.o(.text) refers (Special) to iusefp.o(.text) for __I$use$fp
    d2f.o(.text) refers (Special) to iusefp.o(.text) for __I$use$fp
    d2f.o(.text) refers to fepilogue.o(.text) for _float_round
    entry2.o(.ARM.Collect$$$$00000001) refers to entry2.o(.ARM.Collect$$$$00002712) for __lit__00000000
    entry2.o(.ARM.Collect$$$$00002712) refers to startup_stm32f407xx.o(STACK) for __initial_sp
    entry2.o(__vectab_stack_and_reset_area) refers to startup_stm32f407xx.o(STACK) for __initial_sp
    entry2.o(__vectab_stack_and_reset_area) refers to entry.o(.ARM.Collect$$$$00000000) for __main
    entry5.o(.ARM.Collect$$$$00000004) refers to init.o(.text) for __scatterload
    entry9a.o(.ARM.Collect$$$$0000000B) refers to main.o(.text) for main
    entry9b.o(.ARM.Collect$$$$0000000C) refers to main.o(.text) for main
    depilogue.o(.text) refers to llshl.o(.text) for __aeabi_llsl
    depilogue.o(.text) refers to llushr.o(.text) for __aeabi_llsr
    init.o(.text) refers to entry5.o(.ARM.Collect$$$$00000004) for __main_after_scatterload


==============================================================================

Removing Unused input sections from the image.

    Removing main.o(.rev16_text), (4 bytes).
    Removing main.o(.revsh_text), (4 bytes).
    Removing main.o(.rrx_text), (6 bytes).
    Removing fputc_def.o(.rev16_text), (4 bytes).
    Removing fputc_def.o(.revsh_text), (4 bytes).
    Removing fputc_def.o(.rrx_text), (6 bytes).
    Removing fputc_def.o(.text), (28 bytes).
    Removing stm32f4xx_adc.o(.rev16_text), (4 bytes).
    Removing stm32f4xx_adc.o(.revsh_text), (4 bytes).
    Removing stm32f4xx_adc.o(.rrx_text), (6 bytes).
    Removing stm32f4xx_adc.o(.text), (852 bytes).
    Removing stm32f4xx_rcc.o(.rev16_text), (4 bytes).
    Removing stm32f4xx_rcc.o(.revsh_text), (4 bytes).
    Removing stm32f4xx_rcc.o(.rrx_text), (6 bytes).
    Removing stm32f4xx_spi.o(.rev16_text), (4 bytes).
    Removing stm32f4xx_spi.o(.revsh_text), (4 bytes).
    Removing stm32f4xx_spi.o(.rrx_text), (6 bytes).
    Removing stm32f4xx_i2c.o(.rev16_text), (4 bytes).
    Removing stm32f4xx_i2c.o(.revsh_text), (4 bytes).
    Removing stm32f4xx_i2c.o(.rrx_text), (6 bytes).
    Removing stm32f4xx_gpio.o(.rev16_text), (4 bytes).
    Removing stm32f4xx_gpio.o(.revsh_text), (4 bytes).
    Removing stm32f4xx_gpio.o(.rrx_text), (6 bytes).
    Removing misc.o(.rev16_text), (4 bytes).
    Removing misc.o(.revsh_text), (4 bytes).
    Removing misc.o(.rrx_text), (6 bytes).
    Removing stm32f4xx_tim.o(.rev16_text), (4 bytes).
    Removing stm32f4xx_tim.o(.revsh_text), (4 bytes).
    Removing stm32f4xx_tim.o(.rrx_text), (6 bytes).
    Removing stm32f4xx_tim.o(.text), (2524 bytes).
    Removing stm32f4xx_exti.o(.rev16_text), (4 bytes).
    Removing stm32f4xx_exti.o(.revsh_text), (4 bytes).
    Removing stm32f4xx_exti.o(.rrx_text), (6 bytes).
    Removing keyboard.o(.rev16_text), (4 bytes).
    Removing keyboard.o(.revsh_text), (4 bytes).
    Removing keyboard.o(.rrx_text), (6 bytes).
    Removing keyboard.o(.text), (60 bytes).
    Removing led.o(.rev16_text), (4 bytes).
    Removing led.o(.revsh_text), (4 bytes).
    Removing led.o(.rrx_text), (6 bytes).
    Removing led.o(.text), (188 bytes).
    Removing led.o(.constdata), (32 bytes).
    Removing gpio_stm32f4xx.o(.rev16_text), (4 bytes).
    Removing gpio_stm32f4xx.o(.revsh_text), (4 bytes).
    Removing gpio_stm32f4xx.o(.rrx_text), (6 bytes).
    Removing gpio_stm32f4xx.o(.text), (424 bytes).
    Removing board_buttons.o(.text), (28 bytes).
    Removing board_led.o(.text), (14 bytes).
    Removing system_stm32f4xx.o(.rev16_text), (4 bytes).
    Removing system_stm32f4xx.o(.revsh_text), (4 bytes).
    Removing system_stm32f4xx.o(.rrx_text), (6 bytes).
    Removing startup_stm32f407xx.o(HEAP), (12288 bytes).
    Removing microphone.o(.rev16_text), (4 bytes).
    Removing microphone.o(.revsh_text), (4 bytes).
    Removing microphone.o(.rrx_text), (6 bytes).
    Removing sound_loudness.o(.rev16_text), (4 bytes).
    Removing sound_loudness.o(.revsh_text), (4 bytes).
    Removing sound_loudness.o(.rrx_text), (6 bytes).
    Removing sound_loudness.o(.text), (28 bytes).
    Removing microphone_functions.o(.rev16_text), (4 bytes).
    Removing microphone_functions.o(.revsh_text), (4 bytes).
    Removing microphone_functions.o(.rrx_text), (6 bytes).
    Removing microphone_functions.o(.text), (80 bytes).
    Removing microphone_functions.o(.bss), (64 bytes).
    Removing led_pwm.o(.text), (208 bytes).
    Removing led_timer.o(.rev16_text), (4 bytes).
    Removing led_timer.o(.revsh_text), (4 bytes).
    Removing led_timer.o(.rrx_text), (6 bytes).
    Removing led_timer.o(.text), (240 bytes).
    Removing codec.o(.rev16_text), (4 bytes).
    Removing codec.o(.revsh_text), (4 bytes).
    Removing codec.o(.rrx_text), (6 bytes).
    Removing speaker.o(.rev16_text), (4 bytes).
    Removing speaker.o(.revsh_text), (4 bytes).
    Removing speaker.o(.rrx_text), (6 bytes).
    Removing serial_port_usb.o(.rev16_text), (4 bytes).
    Removing serial_port_usb.o(.revsh_text), (4 bytes).
    Removing serial_port_usb.o(.rrx_text), (6 bytes).
    Removing tm_stm32f4_usb_vcp.o(.rev16_text), (4 bytes).
    Removing tm_stm32f4_usb_vcp.o(.revsh_text), (4 bytes).
    Removing tm_stm32f4_usb_vcp.o(.rrx_text), (6 bytes).
    Removing usb_bsp.o(.rev16_text), (4 bytes).
    Removing usb_bsp.o(.revsh_text), (4 bytes).
    Removing usb_bsp.o(.rrx_text), (6 bytes).
    Removing usb_core.o(.rev16_text), (4 bytes).
    Removing usb_core.o(.revsh_text), (4 bytes).
    Removing usb_core.o(.rrx_text), (6 bytes).
    Removing usb_dcd.o(.rev16_text), (4 bytes).
    Removing usb_dcd.o(.revsh_text), (4 bytes).
    Removing usb_dcd.o(.rrx_text), (6 bytes).
    Removing usb_dcd_int.o(.rev16_text), (4 bytes).
    Removing usb_dcd_int.o(.revsh_text), (4 bytes).
    Removing usb_dcd_int.o(.rrx_text), (6 bytes).
    Removing usbd_cdc_core.o(.rev16_text), (4 bytes).
    Removing usbd_cdc_core.o(.revsh_text), (4 bytes).
    Removing usbd_cdc_core.o(.rrx_text), (6 bytes).
    Removing usbd_cdc_core.o(.bss), (67 bytes).
    Removing usbd_cdc_vcp.o(.rev16_text), (4 bytes).
    Removing usbd_cdc_vcp.o(.revsh_text), (4 bytes).
    Removing usbd_cdc_vcp.o(.rrx_text), (6 bytes).
    Removing usbd_core.o(.rev16_text), (4 bytes).
    Removing usbd_core.o(.revsh_text), (4 bytes).
    Removing usbd_core.o(.rrx_text), (6 bytes).
    Removing usbd_desc.o(.rev16_text), (4 bytes).
    Removing usbd_desc.o(.revsh_text), (4 bytes).
    Removing usbd_desc.o(.rrx_text), (6 bytes).
    Removing usbd_desc.o(.data), (10 bytes).
    Removing usbd_ioreq.o(.rev16_text), (4 bytes).
    Removing usbd_ioreq.o(.revsh_text), (4 bytes).
    Removing usbd_ioreq.o(.rrx_text), (6 bytes).
    Removing usbd_req.o(.rev16_text), (4 bytes).
    Removing usbd_req.o(.revsh_text), (4 bytes).
    Removing usbd_req.o(.rrx_text), (6 bytes).
    Removing usbd_usr.o(.rev16_text), (4 bytes).
    Removing usbd_usr.o(.revsh_text), (4 bytes).
    Removing usbd_usr.o(.rrx_text), (6 bytes).
    Removing arm_sin_f32.o(.rev16_text), (4 bytes).
    Removing arm_sin_f32.o(.revsh_text), (4 bytes).
    Removing arm_sin_f32.o(.rrx_text), (6 bytes).
    Removing arm_rms_f32.o(.rev16_text), (4 bytes).
    Removing arm_rms_f32.o(.revsh_text), (4 bytes).
    Removing arm_rms_f32.o(.rrx_text), (6 bytes).
    Removing arm_rms_f32.o(.text), (236 bytes).
    Removing arm_common_tables.o(.rev16_text), (4 bytes).
    Removing arm_common_tables.o(.revsh_text), (4 bytes).
    Removing arm_common_tables.o(.rrx_text), (6 bytes).
    Removing arm_common_tables.o(.constdata), (2048 bytes).
    Removing arm_common_tables.o(.constdata), (128 bytes).
    Removing arm_common_tables.o(.constdata), (256 bytes).
    Removing arm_common_tables.o(.constdata), (512 bytes).
    Removing arm_common_tables.o(.constdata), (1024 bytes).
    Removing arm_common_tables.o(.constdata), (2048 bytes).
    Removing arm_common_tables.o(.constdata), (4096 bytes).
    Removing arm_common_tables.o(.constdata), (8192 bytes).
    Removing arm_common_tables.o(.constdata), (16384 bytes).
    Removing arm_common_tables.o(.constdata), (32768 bytes).
    Removing arm_common_tables.o(.constdata), (96 bytes).
    Removing arm_common_tables.o(.constdata), (192 bytes).
    Removing arm_common_tables.o(.constdata), (384 bytes).
    Removing arm_common_tables.o(.constdata), (768 bytes).
    Removing arm_common_tables.o(.constdata), (1536 bytes).
    Removing arm_common_tables.o(.constdata), (3072 bytes).
    Removing arm_common_tables.o(.constdata), (6144 bytes).
    Removing arm_common_tables.o(.constdata), (12288 bytes).
    Removing arm_common_tables.o(.constdata), (24576 bytes).
    Removing arm_common_tables.o(.constdata), (48 bytes).
    Removing arm_common_tables.o(.constdata), (96 bytes).
    Removing arm_common_tables.o(.constdata), (192 bytes).
    Removing arm_common_tables.o(.constdata), (384 bytes).
    Removing arm_common_tables.o(.constdata), (768 bytes).
    Removing arm_common_tables.o(.constdata), (1536 bytes).
    Removing arm_common_tables.o(.constdata), (3072 bytes).
    Removing arm_common_tables.o(.constdata), (6144 bytes).
    Removing arm_common_tables.o(.constdata), (12288 bytes).
    Removing arm_common_tables.o(.constdata), (128 bytes).
    Removing arm_common_tables.o(.constdata), (256 bytes).
    Removing arm_common_tables.o(.constdata), (40 bytes).
    Removing arm_common_tables.o(.constdata), (96 bytes).
    Removing arm_common_tables.o(.constdata), (112 bytes).
    Removing arm_common_tables.o(.constdata), (416 bytes).
    Removing arm_common_tables.o(.constdata), (880 bytes).
    Removing arm_common_tables.o(.constdata), (896 bytes).
    Removing arm_common_tables.o(.constdata), (3600 bytes).
    Removing arm_common_tables.o(.constdata), (7616 bytes).
    Removing arm_common_tables.o(.constdata), (8064 bytes).
    Removing arm_common_tables.o(.constdata), (24 bytes).
    Removing arm_common_tables.o(.constdata), (48 bytes).
    Removing arm_common_tables.o(.constdata), (112 bytes).
    Removing arm_common_tables.o(.constdata), (224 bytes).
    Removing arm_common_tables.o(.constdata), (480 bytes).
    Removing arm_common_tables.o(.constdata), (960 bytes).
    Removing arm_common_tables.o(.constdata), (1984 bytes).
    Removing arm_common_tables.o(.constdata), (3968 bytes).
    Removing arm_common_tables.o(.constdata), (8064 bytes).
    Removing arm_common_tables.o(.constdata), (128 bytes).
    Removing arm_common_tables.o(.constdata), (256 bytes).
    Removing arm_common_tables.o(.constdata), (512 bytes).
    Removing arm_common_tables.o(.constdata), (1024 bytes).
    Removing arm_common_tables.o(.constdata), (2048 bytes).
    Removing arm_common_tables.o(.constdata), (4096 bytes).
    Removing arm_common_tables.o(.constdata), (8192 bytes).
    Removing arm_common_tables.o(.constdata), (16384 bytes).
    Removing arm_common_tables.o(.constdata), (2052 bytes).
    Removing arm_common_tables.o(.constdata), (1026 bytes).

184 unused section(s) (total 232601 bytes) removed from the image.

==============================================================================

Image Symbol Table

    Local Symbols

    Symbol Name                              Value     Ov Type        Size  Object(Section)

    ../clib/../cmprslib/zerorunl2.c          0x00000000   Number         0  __dczerorl2.o ABSOLUTE
    ../clib/microlib/init/entry.s            0x00000000   Number         0  entry8b.o ABSOLUTE
    ../clib/microlib/init/entry.s            0x00000000   Number         0  entry7a.o ABSOLUTE
    ../clib/microlib/init/entry.s            0x00000000   Number         0  entry11a.o ABSOLUTE
    ../clib/microlib/init/entry.s            0x00000000   Number         0  entry.o ABSOLUTE
    ../clib/microlib/init/entry.s            0x00000000   Number         0  entry7b.o ABSOLUTE
    ../clib/microlib/init/entry.s            0x00000000   Number         0  entry8a.o ABSOLUTE
    ../clib/microlib/init/entry.s            0x00000000   Number         0  entry10b.o ABSOLUTE
    ../clib/microlib/init/entry.s            0x00000000   Number         0  entry9a.o ABSOLUTE
    ../clib/microlib/init/entry.s            0x00000000   Number         0  entry9b.o ABSOLUTE
    ../clib/microlib/init/entry.s            0x00000000   Number         0  entry10a.o ABSOLUTE
    ../clib/microlib/init/entry.s            0x00000000   Number         0  entry5.o ABSOLUTE
    ../clib/microlib/init/entry.s            0x00000000   Number         0  entry11b.o ABSOLUTE
    ../clib/microlib/init/entry.s            0x00000000   Number         0  entry2.o ABSOLUTE
    ../clib/microlib/longlong.c              0x00000000   Number         0  llshl.o ABSOLUTE
    ../clib/microlib/longlong.c              0x00000000   Number         0  llushr.o ABSOLUTE
    ../clib/microlib/longlong.c              0x00000000   Number         0  llsshr.o ABSOLUTE
    ../clib/microlib/stubs.s                 0x00000000   Number         0  iusefp.o ABSOLUTE
    ../fplib/microlib/d2f.c                  0x00000000   Number         0  d2f.o ABSOLUTE
    ../fplib/microlib/f2d.c                  0x00000000   Number         0  f2d.o ABSOLUTE
    ../fplib/microlib/fpadd.c                0x00000000   Number         0  dadd.o ABSOLUTE
    ../fplib/microlib/fpdiv.c                0x00000000   Number         0  ddiv.o ABSOLUTE
    ../fplib/microlib/fpepilogue.c           0x00000000   Number         0  depilogue.o ABSOLUTE
    ../fplib/microlib/fpepilogue.c           0x00000000   Number         0  fepilogue.o ABSOLUTE
    ../fplib/microlib/fpfix.c                0x00000000   Number         0  dfixui.o ABSOLUTE
    ../fplib/microlib/fpflt.c                0x00000000   Number         0  dfltui.o ABSOLUTE
    ../fplib/microlib/fpmul.c                0x00000000   Number         0  dmul.o ABSOLUTE
    ../fplib/microlib/fpscalb.c              0x00000000   Number         0  fscalb.o ABSOLUTE
    ..\CommonTables\arm_common_tables.c      0x00000000   Number         0  arm_common_tables.o ABSOLUTE
    ..\FastMathFunctions\arm_sin_f32.c       0x00000000   Number         0  arm_sin_f32.o ABSOLUTE
    ..\StatisticsFunctions\arm_rms_f32.c     0x00000000   Number         0  arm_rms_f32.o ABSOLUTE
    ..\\CommonTables\\arm_common_tables.c    0x00000000   Number         0  arm_common_tables.o ABSOLUTE
    ..\\FastMathFunctions\\arm_sin_f32.c     0x00000000   Number         0  arm_sin_f32.o ABSOLUTE
    ..\\StatisticsFunctions\\arm_rms_f32.c   0x00000000   Number         0  arm_rms_f32.o ABSOLUTE
    ..\src\pdm_filter.c                      0x00000000   Number         0  pdm_filter.o ABSOLUTE
    PWM\\led_timer.c                         0x00000000   Number         0  led_timer.o ABSOLUTE
    PWM\led_pwm.c                            0x00000000   Number         0  led_pwm.o ABSOLUTE
    PWM\led_timer.c                          0x00000000   Number         0  led_timer.o ABSOLUTE
    STM32F4Discovery_BSP\Board_Buttons.c     0x00000000   Number         0  board_buttons.o ABSOLUTE
    STM32F4Discovery_BSP\Board_LED.c         0x00000000   Number         0  board_led.o ABSOLUTE
    STM32F4Discovery_BSP\GPIO_STM32F4xx.c    0x00000000   Number         0  gpio_stm32f4xx.o ABSOLUTE
    STM32F4Discovery_BSP\Keyboard.c          0x00000000   Number         0  keyboard.o ABSOLUTE
    STM32F4Discovery_BSP\LED.c               0x00000000   Number         0  led.o ABSOLUTE
    STM32F4Discovery_BSP\\GPIO_STM32F4xx.c   0x00000000   Number         0  gpio_stm32f4xx.o ABSOLUTE
    STM32F4Discovery_BSP\\Keyboard.c         0x00000000   Number         0  keyboard.o ABSOLUTE
    STM32F4Discovery_BSP\\LED.c              0x00000000   Number         0  led.o ABSOLUTE
    STM32F4_Startup\\system_stm32f4xx.c      0x00000000   Number         0  system_stm32f4xx.o ABSOLUTE
    STM32F4_Startup\startup_stm32f407xx.s    0x00000000   Number         0  startup_stm32f407xx.o ABSOLUTE
    STM32F4_Startup\system_stm32f4xx.c       0x00000000   Number         0  system_stm32f4xx.o ABSOLUTE
    STM32F4xx_StdPeriph_Driver\\src\\misc.c  0x00000000   Number         0  misc.o ABSOLUTE
    STM32F4xx_StdPeriph_Driver\\src\\stm32f4xx_adc.c 0x00000000   Number         0  stm32f4xx_adc.o ABSOLUTE
    STM32F4xx_StdPeriph_Driver\\src\\stm32f4xx_exti.c 0x00000000   Number         0  stm32f4xx_exti.o ABSOLUTE
    STM32F4xx_StdPeriph_Driver\\src\\stm32f4xx_gpio.c 0x00000000   Number         0  stm32f4xx_gpio.o ABSOLUTE
    STM32F4xx_StdPeriph_Driver\\src\\stm32f4xx_i2c.c 0x00000000   Number         0  stm32f4xx_i2c.o ABSOLUTE
    STM32F4xx_StdPeriph_Driver\\src\\stm32f4xx_rcc.c 0x00000000   Number         0  stm32f4xx_rcc.o ABSOLUTE
    STM32F4xx_StdPeriph_Driver\\src\\stm32f4xx_spi.c 0x00000000   Number         0  stm32f4xx_spi.o ABSOLUTE
    STM32F4xx_StdPeriph_Driver\\src\\stm32f4xx_tim.c 0x00000000   Number         0  stm32f4xx_tim.o ABSOLUTE
    STM32F4xx_StdPeriph_Driver\src\misc.c    0x00000000   Number         0  misc.o ABSOLUTE
    STM32F4xx_StdPeriph_Driver\src\stm32f4xx_adc.c 0x00000000   Number         0  stm32f4xx_adc.o ABSOLUTE
    STM32F4xx_StdPeriph_Driver\src\stm32f4xx_exti.c 0x00000000   Number         0  stm32f4xx_exti.o ABSOLUTE
    STM32F4xx_StdPeriph_Driver\src\stm32f4xx_gpio.c 0x00000000   Number         0  stm32f4xx_gpio.o ABSOLUTE
    STM32F4xx_StdPeriph_Driver\src\stm32f4xx_i2c.c 0x00000000   Number         0  stm32f4xx_i2c.o ABSOLUTE
    STM32F4xx_StdPeriph_Driver\src\stm32f4xx_rcc.c 0x00000000   Number         0  stm32f4xx_rcc.o ABSOLUTE
    STM32F4xx_StdPeriph_Driver\src\stm32f4xx_spi.c 0x00000000   Number         0  stm32f4xx_spi.o ABSOLUTE
    STM32F4xx_StdPeriph_Driver\src\stm32f4xx_tim.c 0x00000000   Number         0  stm32f4xx_tim.o ABSOLUTE
    dc.s                                     0x00000000   Number         0  dc.o ABSOLUTE
    fputc_def.c                              0x00000000   Number         0  fputc_def.o ABSOLUTE
    fputc_def.c                              0x00000000   Number         0  fputc_def.o ABSOLUTE
    handlers.s                               0x00000000   Number         0  handlers.o ABSOLUTE
    init.s                                   0x00000000   Number         0  init.o ABSOLUTE
    main.c                                   0x00000000   Number         0  main.o ABSOLUTE
    main.c                                   0x00000000   Number         0  main.o ABSOLUTE
    microphone\\microphone.c                 0x00000000   Number         0  microphone.o ABSOLUTE
    microphone\\microphone_functions.c       0x00000000   Number         0  microphone_functions.o ABSOLUTE
    microphone\\sound_loudness.c             0x00000000   Number         0  sound_loudness.o ABSOLUTE
    microphone\microphone.c                  0x00000000   Number         0  microphone.o ABSOLUTE
    microphone\microphone_functions.c        0x00000000   Number         0  microphone_functions.o ABSOLUTE
    microphone\sound_loudness.c              0x00000000   Number         0  sound_loudness.o ABSOLUTE
    serial_port_usb\\serial_port_usb.c       0x00000000   Number         0  serial_port_usb.o ABSOLUTE
    serial_port_usb\\usb_cdc_device\\tm_stm32f4_usb_vcp.c 0x00000000   Number         0  tm_stm32f4_usb_vcp.o ABSOLUTE
    serial_port_usb\\usb_cdc_device\\usb_bsp.c 0x00000000   Number         0  usb_bsp.o ABSOLUTE
    serial_port_usb\\usb_cdc_device\\usb_core.c 0x00000000   Number         0  usb_core.o ABSOLUTE
    serial_port_usb\\usb_cdc_device\\usb_dcd.c 0x00000000   Number         0  usb_dcd.o ABSOLUTE
    serial_port_usb\\usb_cdc_device\\usb_dcd_int.c 0x00000000   Number         0  usb_dcd_int.o ABSOLUTE
    serial_port_usb\\usb_cdc_device\\usbd_cdc_core.c 0x00000000   Number         0  usbd_cdc_core.o ABSOLUTE
    serial_port_usb\\usb_cdc_device\\usbd_cdc_vcp.c 0x00000000   Number         0  usbd_cdc_vcp.o ABSOLUTE
    serial_port_usb\\usb_cdc_device\\usbd_core.c 0x00000000   Number         0  usbd_core.o ABSOLUTE
    serial_port_usb\\usb_cdc_device\\usbd_desc.c 0x00000000   Number         0  usbd_desc.o ABSOLUTE
    serial_port_usb\\usb_cdc_device\\usbd_ioreq.c 0x00000000   Number         0  usbd_ioreq.o ABSOLUTE
    serial_port_usb\\usb_cdc_device\\usbd_req.c 0x00000000   Number         0  usbd_req.o ABSOLUTE
    serial_port_usb\\usb_cdc_device\\usbd_usr.c 0x00000000   Number         0  usbd_usr.o ABSOLUTE
    serial_port_usb\serial_port_usb.c        0x00000000   Number         0  serial_port_usb.o ABSOLUTE
    serial_port_usb\usb_cdc_device\tm_stm32f4_usb_vcp.c 0x00000000   Number         0  tm_stm32f4_usb_vcp.o ABSOLUTE
    serial_port_usb\usb_cdc_device\usb_bsp.c 0x00000000   Number         0  usb_bsp.o ABSOLUTE
    serial_port_usb\usb_cdc_device\usb_core.c 0x00000000   Number         0  usb_core.o ABSOLUTE
    serial_port_usb\usb_cdc_device\usb_dcd.c 0x00000000   Number         0  usb_dcd.o ABSOLUTE
    serial_port_usb\usb_cdc_device\usb_dcd_int.c 0x00000000   Number         0  usb_dcd_int.o ABSOLUTE
    serial_port_usb\usb_cdc_device\usbd_cdc_core.c 0x00000000   Number         0  usbd_cdc_core.o ABSOLUTE
    serial_port_usb\usb_cdc_device\usbd_cdc_vcp.c 0x00000000   Number         0  usbd_cdc_vcp.o ABSOLUTE
    serial_port_usb\usb_cdc_device\usbd_core.c 0x00000000   Number         0  usbd_core.o ABSOLUTE
    serial_port_usb\usb_cdc_device\usbd_desc.c 0x00000000   Number         0  usbd_desc.o ABSOLUTE
    serial_port_usb\usb_cdc_device\usbd_ioreq.c 0x00000000   Number         0  usbd_ioreq.o ABSOLUTE
    serial_port_usb\usb_cdc_device\usbd_req.c 0x00000000   Number         0  usbd_req.o ABSOLUTE
    serial_port_usb\usb_cdc_device\usbd_usr.c 0x00000000   Number         0  usbd_usr.o ABSOLUTE
    speaker\\codec.c                         0x00000000   Number         0  codec.o ABSOLUTE
    speaker\\speaker.c                       0x00000000   Number         0  speaker.o ABSOLUTE
    speaker\codec.c                          0x00000000   Number         0  codec.o ABSOLUTE
    speaker\speaker.c                        0x00000000   Number         0  speaker.o ABSOLUTE
    RESET                                    0x08000000   Section      392  startup_stm32f407xx.o(RESET)
    .ARM.Collect$$$$00000000                 0x08000188   Section        0  entry.o(.ARM.Collect$$$$00000000)
    .ARM.Collect$$$$00000001                 0x08000188   Section        4  entry2.o(.ARM.Collect$$$$00000001)
    .ARM.Collect$$$$00000004                 0x0800018c   Section        4  entry5.o(.ARM.Collect$$$$00000004)
    .ARM.Collect$$$$00000008                 0x08000190   Section        0  entry7b.o(.ARM.Collect$$$$00000008)
    .ARM.Collect$$$$0000000A                 0x08000190   Section        0  entry8b.o(.ARM.Collect$$$$0000000A)
    .ARM.Collect$$$$0000000B                 0x08000190   Section        8  entry9a.o(.ARM.Collect$$$$0000000B)
    .ARM.Collect$$$$0000000D                 0x08000198   Section        0  entry10a.o(.ARM.Collect$$$$0000000D)
    .ARM.Collect$$$$0000000F                 0x08000198   Section        0  entry11a.o(.ARM.Collect$$$$0000000F)
    .ARM.Collect$$$$00002712                 0x08000198   Section        4  entry2.o(.ARM.Collect$$$$00002712)
    __lit__00000000                          0x08000198   Data           4  entry2.o(.ARM.Collect$$$$00002712)
    .text                                    0x0800019c   Section        0  main.o(.text)
    .text                                    0x08000690   Section        0  stm32f4xx_rcc.o(.text)
    .text                                    0x08000a60   Section        0  stm32f4xx_spi.o(.text)
    .text                                    0x08000d50   Section        0  stm32f4xx_i2c.o(.text)
    .text                                    0x0800108c   Section        0  stm32f4xx_gpio.o(.text)
    .text                                    0x08001278   Section        0  misc.o(.text)
    .text                                    0x08001328   Section        0  stm32f4xx_exti.o(.text)
    .text                                    0x08001410   Section        0  system_stm32f4xx.o(.text)
    SetSysClock                              0x08001411   Thumb Code   162  system_stm32f4xx.o(.text)
    .text                                    0x0800158c   Section       36  startup_stm32f407xx.o(.text)
    $v0                                      0x0800158c   Number         0  startup_stm32f407xx.o(.text)
    .text                                    0x080015b0   Section        0  microphone.o(.text)
    .text                                    0x0800171c   Section        0  codec.o(.text)
    .text                                    0x08001b20   Section        0  speaker.o(.text)
    .text                                    0x08001b74   Section        0  serial_port_usb.o(.text)
    .text                                    0x08001ba0   Section        0  tm_stm32f4_usb_vcp.o(.text)
    .text                                    0x08001cc0   Section        0  usb_bsp.o(.text)
    .text                                    0x08001db8   Section        0  usb_core.o(.text)
    USB_OTG_CoreReset                        0x08001db9   Thumb Code    84  usb_core.o(.text)
    .text                                    0x080026d8   Section        0  usb_dcd.o(.text)
    .text                                    0x08002958   Section        0  usb_dcd_int.o(.text)
    DCD_HandleInEP_ISR                       0x08002959   Thumb Code   198  usb_dcd_int.o(.text)
    DCD_HandleUsbReset_ISR                   0x08002b65   Thumb Code   128  usb_dcd_int.o(.text)
    DCD_HandleRxStatusQueueLevel_ISR         0x08002be5   Thumb Code   124  usb_dcd_int.o(.text)
    DCD_HandleUSBSuspend_ISR                 0x08002c61   Thumb Code   102  usb_dcd_int.o(.text)
    DCD_WriteEmptyTxFifo                     0x08002cc7   Thumb Code   112  usb_dcd_int.o(.text)
    DCD_HandleOutEP_ISR                      0x08002d37   Thumb Code   174  usb_dcd_int.o(.text)
    .text                                    0x08002de4   Section        0  usbd_cdc_core.o(.text)
    usbd_cdc_Init                            0x08002de5   Thumb Code    70  usbd_cdc_core.o(.text)
    usbd_cdc_DeInit                          0x08002e2b   Thumb Code    36  usbd_cdc_core.o(.text)
    usbd_cdc_Setup                           0x08002e4f   Thumb Code   174  usbd_cdc_core.o(.text)
    usbd_cdc_EP0_RxReady                     0x08002efd   Thumb Code    32  usbd_cdc_core.o(.text)
    usbd_cdc_DataIn                          0x08002f1d   Thumb Code    68  usbd_cdc_core.o(.text)
    usbd_cdc_DataOut                         0x08002f61   Thumb Code    42  usbd_cdc_core.o(.text)
    Handle_USBAsynchXfer                     0x08002f8b   Thumb Code    96  usbd_cdc_core.o(.text)
    usbd_cdc_SOF                             0x08002feb   Thumb Code    28  usbd_cdc_core.o(.text)
    USBD_cdc_GetCfgDesc                      0x08003007   Thumb Code    10  usbd_cdc_core.o(.text)
    .text                                    0x08003020   Section        0  usbd_cdc_vcp.o(.text)
    VCP_Init                                 0x08003021   Thumb Code     4  usbd_cdc_vcp.o(.text)
    VCP_DeInit                               0x08003025   Thumb Code     4  usbd_cdc_vcp.o(.text)
    VCP_Ctrl                                 0x08003029   Thumb Code    78  usbd_cdc_vcp.o(.text)
    .text                                    0x080030c8   Section        0  usbd_core.o(.text)
    USBD_SetupStage                          0x08003101   Thumb Code    72  usbd_core.o(.text)
    USBD_DataOutStage                        0x08003149   Thumb Code   116  usbd_core.o(.text)
    USBD_DataInStage                         0x080031bd   Thumb Code   172  usbd_core.o(.text)
    USBD_Reset                               0x08003269   Thumb Code    46  usbd_core.o(.text)
    USBD_Resume                              0x08003297   Thumb Code    22  usbd_core.o(.text)
    USBD_Suspend                             0x080032ad   Thumb Code    28  usbd_core.o(.text)
    USBD_SOF                                 0x080032c9   Thumb Code    16  usbd_core.o(.text)
    USBD_IsoINIncomplete                     0x08003301   Thumb Code    14  usbd_core.o(.text)
    USBD_IsoOUTIncomplete                    0x0800330f   Thumb Code    14  usbd_core.o(.text)
    .text                                    0x08003320   Section        0  usbd_desc.o(.text)
    .text                                    0x080033f0   Section        0  usbd_ioreq.o(.text)
    .text                                    0x080034a8   Section        0  usbd_req.o(.text)
    USBD_SetConfig                           0x080034c5   Thumb Code   110  usbd_req.o(.text)
    USBD_GetDescriptor                       0x08003533   Thumb Code   206  usbd_req.o(.text)
    USBD_SetFeature                          0x0800387d   Thumb Code   122  usbd_req.o(.text)
    .text                                    0x080038fc   Section        0  usbd_usr.o(.text)
    .text                                    0x08003940   Section        0  pdm_filter.o(.text)
    .text                                    0x0800453c   Section        0  arm_sin_f32.o(.text)
    .text                                    0x080045b0   Section        0  fscalb.o(.text)
    .text                                    0x080045c8   Section        0  dadd.o(.text)
    .text                                    0x08004716   Section        0  dmul.o(.text)
    .text                                    0x080047fa   Section        0  ddiv.o(.text)
    .text                                    0x080048d8   Section        0  dfltui.o(.text)
    .text                                    0x080048f2   Section        0  dfixui.o(.text)
    .text                                    0x08004924   Section        0  f2d.o(.text)
    .text                                    0x0800494a   Section        0  d2f.o(.text)
    .text                                    0x08004982   Section        0  llshl.o(.text)
    .text                                    0x080049a0   Section        0  llushr.o(.text)
    .text                                    0x080049c0   Section        0  llsshr.o(.text)
    .text                                    0x080049e4   Section        0  fepilogue.o(.text)
    .text                                    0x080049e4   Section        0  iusefp.o(.text)
    .text                                    0x08004a52   Section        0  depilogue.o(.text)
    .text                                    0x08004b0c   Section       36  init.o(.text)
    .text                                    0x08004b30   Section        0  __dczerorl2.o(.text)
    i.__scatterload_copy                     0x08004b86   Section       14  handlers.o(i.__scatterload_copy)
    i.__scatterload_null                     0x08004b94   Section        2  handlers.o(i.__scatterload_null)
    i.__scatterload_zeroinit                 0x08004b96   Section       14  handlers.o(i.__scatterload_zeroinit)
    .constdata                               0x08004ba4   Section     2052  arm_common_tables.o(.constdata)
    .data                                    0x20000000   Section        4  main.o(.data)
    .data                                    0x20000004   Section       16  stm32f4xx_rcc.o(.data)
    APBAHBPrescTable                         0x20000004   Data          16  stm32f4xx_rcc.o(.data)
    .data                                    0x20000014   Section       20  system_stm32f4xx.o(.data)
    .data                                    0x20000028   Section        8  microphone.o(.data)
    mic_buf_index                            0x2000002c   Data           4  microphone.o(.data)
    .data                                    0x20000030   Section       12  microphone_functions.o(.data)
    Switch                                   0x20000030   Data           1  microphone_functions.o(.data)
    process_buf                              0x20000038   Data           4  microphone_functions.o(.data)
    .data                                    0x2000003c   Section       16  tm_stm32f4_usb_vcp.o(.data)
    .data                                    0x2000004c   Section      107  usbd_cdc_core.o(.data)
    usbd_cdc_AltSet                          0x20000050   Data           4  usbd_cdc_core.o(.data)
    cdcCmd                                   0x20000060   Data           4  usbd_cdc_core.o(.data)
    cdcLen                                   0x20000064   Data           4  usbd_cdc_core.o(.data)
    FrameCount                               0x20000068   Data           4  usbd_cdc_core.o(.data)
    .data                                    0x200000b8   Section       44  usbd_cdc_core.o(.data)
    .data                                    0x200000e4   Section        8  usbd_cdc_vcp.o(.data)
    .data                                    0x200000ec   Section       20  usbd_cdc_vcp.o(.data)
    .data                                    0x20000100   Section       44  usbd_core.o(.data)
    .data                                    0x2000012c   Section        4  usbd_core.o(.data)
    .data                                    0x20000130   Section        4  usbd_core.o(.data)
    .data                                    0x20000134   Section       28  usbd_desc.o(.data)
    .data                                    0x20000150   Section       22  usbd_desc.o(.data)
    .data                                    0x20000168   Section       16  usbd_req.o(.data)
    cfgidx                                   0x20000168   Data           1  usbd_req.o(.data)
    .data                                    0x20000178   Section        1  usbd_usr.o(.data)
    .data                                    0x2000017c   Section       28  usbd_usr.o(.data)
    .data                                    0x20000198   Section      772  pdm_filter.o(.data)
    .bss                                     0x2000049c   Section      180  microphone.o(.bss)
    pdm_filter                               0x2000049c   Data          52  microphone.o(.bss)
    mic_in_buf                               0x200004d0   Data         128  microphone.o(.bss)
    .bss                                     0x20000550   Section     1652  tm_stm32f4_usb_vcp.o(.bss)
    .bss                                     0x20000bc4   Section     2112  usbd_cdc_core.o(.bss)
    .bss                                     0x20001404   Section      255  usbd_req.o(.bss)
    STACK                                    0x20001508   Section     1536  startup_stm32f407xx.o(STACK)

    Global Symbols

    Symbol Name                              Value     Ov Type        Size  Object(Section)

    BuildAttributes$$THM_ISAv4$E$P$D$K$B$S$7EM$VFPi3$EXTD16$VFPS$VFMA$PE$A:L22UL41UL21$X:L11$S22US41US21$IEEE1$IW$USESV6$~STKCKD$USESV7$~SHL$OTIME$ROPI$IEEEX$EBA8$MICROLIB$REQ8$PRES8$EABIv2 0x00000000   Number         0  anon$$obj.o ABSOLUTE
    __ARM_use_no_argv                        0x00000000   Number         0  main.o ABSOLUTE
    __cpp_initialize__aeabi_                  - Undefined Weak Reference
    __cxa_finalize                            - Undefined Weak Reference
    _clock_init                               - Undefined Weak Reference
    _microlib_exit                            - Undefined Weak Reference
    __Vectors_Size                           0x00000188   Number         0  startup_stm32f407xx.o ABSOLUTE
    __Vectors                                0x08000000   Data           4  startup_stm32f407xx.o(RESET)
    __Vectors_End                            0x08000188   Data           0  startup_stm32f407xx.o(RESET)
    __main                                   0x08000189   Thumb Code     0  entry.o(.ARM.Collect$$$$00000000)
    _main_stk                                0x08000189   Thumb Code     0  entry2.o(.ARM.Collect$$$$00000001)
    _main_scatterload                        0x0800018d   Thumb Code     0  entry5.o(.ARM.Collect$$$$00000004)
    __main_after_scatterload                 0x08000191   Thumb Code     0  entry5.o(.ARM.Collect$$$$00000004)
    _main_clock                              0x08000191   Thumb Code     0  entry7b.o(.ARM.Collect$$$$00000008)
    _main_cpp_init                           0x08000191   Thumb Code     0  entry8b.o(.ARM.Collect$$$$0000000A)
    _main_init                               0x08000191   Thumb Code     0  entry9a.o(.ARM.Collect$$$$0000000B)
    __rt_final_cpp                           0x08000199   Thumb Code     0  entry10a.o(.ARM.Collect$$$$0000000D)
    __rt_final_exit                          0x08000199   Thumb Code     0  entry11a.o(.ARM.Collect$$$$0000000F)
    SysTick_Handler                          0x0800019d   Thumb Code    10  main.o(.text)
    init_systick                             0x080001a7   Thumb Code    52  main.o(.text)
    main                                     0x080001db   Thumb Code   868  main.o(.text)
    RCC_DeInit                               0x08000691   Thumb Code    48  stm32f4xx_rcc.o(.text)
    RCC_HSEConfig                            0x080006c1   Thumb Code    12  stm32f4xx_rcc.o(.text)
    RCC_GetFlagStatus                        0x080006cd   Thumb Code    46  stm32f4xx_rcc.o(.text)
    RCC_WaitForHSEStartUp                    0x080006fb   Thumb Code    44  stm32f4xx_rcc.o(.text)
    RCC_AdjustHSICalibrationValue            0x08000727   Thumb Code    16  stm32f4xx_rcc.o(.text)
    RCC_HSICmd                               0x08000737   Thumb Code     6  stm32f4xx_rcc.o(.text)
    RCC_LSEConfig                            0x0800073d   Thumb Code    24  stm32f4xx_rcc.o(.text)
    RCC_LSICmd                               0x08000755   Thumb Code     6  stm32f4xx_rcc.o(.text)
    RCC_PLLConfig                            0x0800075b   Thumb Code    32  stm32f4xx_rcc.o(.text)
    RCC_PLLCmd                               0x0800077b   Thumb Code     6  stm32f4xx_rcc.o(.text)
    RCC_PLLI2SConfig                         0x08000781   Thumb Code    14  stm32f4xx_rcc.o(.text)
    RCC_PLLI2SCmd                            0x0800078f   Thumb Code     6  stm32f4xx_rcc.o(.text)
    RCC_ClockSecuritySystemCmd               0x08000795   Thumb Code     6  stm32f4xx_rcc.o(.text)
    RCC_MCO1Config                           0x0800079b   Thumb Code    18  stm32f4xx_rcc.o(.text)
    RCC_MCO2Config                           0x080007ad   Thumb Code    18  stm32f4xx_rcc.o(.text)
    RCC_SYSCLKConfig                         0x080007bf   Thumb Code    16  stm32f4xx_rcc.o(.text)
    RCC_GetSYSCLKSource                      0x080007cf   Thumb Code    12  stm32f4xx_rcc.o(.text)
    RCC_HCLKConfig                           0x080007db   Thumb Code    16  stm32f4xx_rcc.o(.text)
    RCC_PCLK1Config                          0x080007eb   Thumb Code    16  stm32f4xx_rcc.o(.text)
    RCC_PCLK2Config                          0x080007fb   Thumb Code    18  stm32f4xx_rcc.o(.text)
    RCC_GetClocksFreq                        0x0800080d   Thumb Code   134  stm32f4xx_rcc.o(.text)
    RCC_RTCCLKConfig                         0x08000893   Thumb Code    42  stm32f4xx_rcc.o(.text)
    RCC_RTCCLKCmd                            0x080008bd   Thumb Code     8  stm32f4xx_rcc.o(.text)
    RCC_BackupResetCmd                       0x080008c5   Thumb Code     8  stm32f4xx_rcc.o(.text)
    RCC_I2SCLKConfig                         0x080008cd   Thumb Code     8  stm32f4xx_rcc.o(.text)
    RCC_AHB1PeriphClockCmd                   0x080008d5   Thumb Code    20  stm32f4xx_rcc.o(.text)
    RCC_AHB2PeriphClockCmd                   0x080008e9   Thumb Code    20  stm32f4xx_rcc.o(.text)
    RCC_AHB3PeriphClockCmd                   0x080008fd   Thumb Code    20  stm32f4xx_rcc.o(.text)
    RCC_APB1PeriphClockCmd                   0x08000911   Thumb Code    20  stm32f4xx_rcc.o(.text)
    RCC_APB2PeriphClockCmd                   0x08000925   Thumb Code    20  stm32f4xx_rcc.o(.text)
    RCC_AHB1PeriphResetCmd                   0x08000939   Thumb Code    20  stm32f4xx_rcc.o(.text)
    RCC_AHB2PeriphResetCmd                   0x0800094d   Thumb Code    20  stm32f4xx_rcc.o(.text)
    RCC_AHB3PeriphResetCmd                   0x08000961   Thumb Code    20  stm32f4xx_rcc.o(.text)
    RCC_APB1PeriphResetCmd                   0x08000975   Thumb Code    20  stm32f4xx_rcc.o(.text)
    RCC_APB2PeriphResetCmd                   0x08000989   Thumb Code    20  stm32f4xx_rcc.o(.text)
    RCC_AHB1PeriphClockLPModeCmd             0x0800099d   Thumb Code    20  stm32f4xx_rcc.o(.text)
    RCC_AHB2PeriphClockLPModeCmd             0x080009b1   Thumb Code    20  stm32f4xx_rcc.o(.text)
    RCC_AHB3PeriphClockLPModeCmd             0x080009c5   Thumb Code    20  stm32f4xx_rcc.o(.text)
    RCC_APB1PeriphClockLPModeCmd             0x080009d9   Thumb Code    20  stm32f4xx_rcc.o(.text)
    RCC_APB2PeriphClockLPModeCmd             0x080009ed   Thumb Code    20  stm32f4xx_rcc.o(.text)
    RCC_ITConfig                             0x08000a01   Thumb Code    20  stm32f4xx_rcc.o(.text)
    RCC_ClearFlag                            0x08000a15   Thumb Code    14  stm32f4xx_rcc.o(.text)
    RCC_GetITStatus                          0x08000a23   Thumb Code    18  stm32f4xx_rcc.o(.text)
    RCC_ClearITPendingBit                    0x08000a35   Thumb Code     8  stm32f4xx_rcc.o(.text)
    SPI_I2S_DeInit                           0x08000a61   Thumb Code    72  stm32f4xx_spi.o(.text)
    SPI_Init                                 0x08000aa9   Thumb Code    56  stm32f4xx_spi.o(.text)
    I2S_Init                                 0x08000ae1   Thumb Code   188  stm32f4xx_spi.o(.text)
    SPI_StructInit                           0x08000b9d   Thumb Code    24  stm32f4xx_spi.o(.text)
    I2S_StructInit                           0x08000bb5   Thumb Code    18  stm32f4xx_spi.o(.text)
    SPI_Cmd                                  0x08000bc7   Thumb Code    20  stm32f4xx_spi.o(.text)
    I2S_Cmd                                  0x08000bdb   Thumb Code    20  stm32f4xx_spi.o(.text)
    SPI_DataSizeConfig                       0x08000bef   Thumb Code    16  stm32f4xx_spi.o(.text)
    SPI_BiDirectionalLineConfig              0x08000bff   Thumb Code    22  stm32f4xx_spi.o(.text)
    SPI_NSSInternalSoftwareConfig            0x08000c15   Thumb Code    24  stm32f4xx_spi.o(.text)
    SPI_SSOutputCmd                          0x08000c2d   Thumb Code    20  stm32f4xx_spi.o(.text)
    SPI_TIModeCmd                            0x08000c41   Thumb Code    20  stm32f4xx_spi.o(.text)
    I2S_FullDuplexConfig                     0x08000c55   Thumb Code    58  stm32f4xx_spi.o(.text)
    SPI_I2S_ReceiveData                      0x08000c8f   Thumb Code     4  stm32f4xx_spi.o(.text)
    SPI_I2S_SendData                         0x08000c93   Thumb Code     4  stm32f4xx_spi.o(.text)
    SPI_CalculateCRC                         0x08000c97   Thumb Code    20  stm32f4xx_spi.o(.text)
    SPI_TransmitCRC                          0x08000cab   Thumb Code    10  stm32f4xx_spi.o(.text)
    SPI_GetCRC                               0x08000cb5   Thumb Code    12  stm32f4xx_spi.o(.text)
    SPI_GetCRCPolynomial                     0x08000cc1   Thumb Code     4  stm32f4xx_spi.o(.text)
    SPI_I2S_DMACmd                           0x08000cc5   Thumb Code    16  stm32f4xx_spi.o(.text)
    SPI_I2S_ITConfig                         0x08000cd5   Thumb Code    24  stm32f4xx_spi.o(.text)
    SPI_I2S_GetFlagStatus                    0x08000ced   Thumb Code    14  stm32f4xx_spi.o(.text)
    SPI_I2S_ClearFlag                        0x08000cfb   Thumb Code     6  stm32f4xx_spi.o(.text)
    SPI_I2S_GetITStatus                      0x08000d01   Thumb Code    44  stm32f4xx_spi.o(.text)
    SPI_I2S_ClearITPendingBit                0x08000d2d   Thumb Code    14  stm32f4xx_spi.o(.text)
    I2C_DeInit                               0x08000d51   Thumb Code    56  stm32f4xx_i2c.o(.text)
    I2C_Init                                 0x08000d89   Thumb Code   174  stm32f4xx_i2c.o(.text)
    I2C_StructInit                           0x08000e37   Thumb Code    28  stm32f4xx_i2c.o(.text)
    I2C_Cmd                                  0x08000e53   Thumb Code    20  stm32f4xx_i2c.o(.text)
    I2C_GenerateSTART                        0x08000e67   Thumb Code    20  stm32f4xx_i2c.o(.text)
    I2C_GenerateSTOP                         0x08000e7b   Thumb Code    20  stm32f4xx_i2c.o(.text)
    I2C_Send7bitAddress                      0x08000e8f   Thumb Code    16  stm32f4xx_i2c.o(.text)
    I2C_AcknowledgeConfig                    0x08000e9f   Thumb Code    20  stm32f4xx_i2c.o(.text)
    I2C_OwnAddress2Config                    0x08000eb3   Thumb Code    16  stm32f4xx_i2c.o(.text)
    I2C_DualAddressCmd                       0x08000ec3   Thumb Code    20  stm32f4xx_i2c.o(.text)
    I2C_GeneralCallCmd                       0x08000ed7   Thumb Code    20  stm32f4xx_i2c.o(.text)
    I2C_SoftwareResetCmd                     0x08000eeb   Thumb Code    20  stm32f4xx_i2c.o(.text)
    I2C_StretchClockCmd                      0x08000eff   Thumb Code    20  stm32f4xx_i2c.o(.text)
    I2C_FastModeDutyCycleConfig              0x08000f13   Thumb Code    22  stm32f4xx_i2c.o(.text)
    I2C_NACKPositionConfig                   0x08000f29   Thumb Code    22  stm32f4xx_i2c.o(.text)
    I2C_SMBusAlertConfig                     0x08000f3f   Thumb Code    22  stm32f4xx_i2c.o(.text)
    I2C_ARPCmd                               0x08000f55   Thumb Code    20  stm32f4xx_i2c.o(.text)
    I2C_SendData                             0x08000f69   Thumb Code     4  stm32f4xx_i2c.o(.text)
    I2C_ReceiveData                          0x08000f6d   Thumb Code     6  stm32f4xx_i2c.o(.text)
    I2C_TransmitPEC                          0x08000f73   Thumb Code    20  stm32f4xx_i2c.o(.text)
    I2C_PECPositionConfig                    0x08000f87   Thumb Code    22  stm32f4xx_i2c.o(.text)
    I2C_CalculatePEC                         0x08000f9d   Thumb Code    20  stm32f4xx_i2c.o(.text)
    I2C_GetPEC                               0x08000fb1   Thumb Code     6  stm32f4xx_i2c.o(.text)
    I2C_DMACmd                               0x08000fb7   Thumb Code    20  stm32f4xx_i2c.o(.text)
    I2C_DMALastTransferCmd                   0x08000fcb   Thumb Code    20  stm32f4xx_i2c.o(.text)
    I2C_ReadRegister                         0x08000fdf   Thumb Code    10  stm32f4xx_i2c.o(.text)
    I2C_ITConfig                             0x08000fe9   Thumb Code    16  stm32f4xx_i2c.o(.text)
    I2C_CheckEvent                           0x08000ff9   Thumb Code    24  stm32f4xx_i2c.o(.text)
    I2C_GetLastEvent                         0x08001011   Thumb Code    14  stm32f4xx_i2c.o(.text)
    I2C_GetFlagStatus                        0x0800101f   Thumb Code    42  stm32f4xx_i2c.o(.text)
    I2C_ClearFlag                            0x08001049   Thumb Code     6  stm32f4xx_i2c.o(.text)
    I2C_GetITStatus                          0x0800104f   Thumb Code    36  stm32f4xx_i2c.o(.text)
    I2C_ClearITPendingBit                    0x08001073   Thumb Code     6  stm32f4xx_i2c.o(.text)
    GPIO_DeInit                              0x0800108d   Thumb Code   192  stm32f4xx_gpio.o(.text)
    GPIO_Init                                0x0800114d   Thumb Code   120  stm32f4xx_gpio.o(.text)
    GPIO_StructInit                          0x080011c5   Thumb Code    18  stm32f4xx_gpio.o(.text)
    GPIO_PinLockConfig                       0x080011d7   Thumb Code    24  stm32f4xx_gpio.o(.text)
    GPIO_ReadInputDataBit                    0x080011ef   Thumb Code    14  stm32f4xx_gpio.o(.text)
    GPIO_ReadInputData                       0x080011fd   Thumb Code     6  stm32f4xx_gpio.o(.text)
    GPIO_ReadOutputDataBit                   0x08001203   Thumb Code    14  stm32f4xx_gpio.o(.text)
    GPIO_ReadOutputData                      0x08001211   Thumb Code     6  stm32f4xx_gpio.o(.text)
    GPIO_SetBits                             0x08001217   Thumb Code     4  stm32f4xx_gpio.o(.text)
    GPIO_ResetBits                           0x0800121b   Thumb Code     4  stm32f4xx_gpio.o(.text)
    GPIO_WriteBit                            0x0800121f   Thumb Code    10  stm32f4xx_gpio.o(.text)
    GPIO_Write                               0x08001229   Thumb Code     4  stm32f4xx_gpio.o(.text)
    GPIO_ToggleBits                          0x0800122d   Thumb Code     8  stm32f4xx_gpio.o(.text)
    GPIO_PinAFConfig                         0x08001235   Thumb Code    32  stm32f4xx_gpio.o(.text)
    NVIC_PriorityGroupConfig                 0x08001279   Thumb Code    10  misc.o(.text)
    NVIC_Init                                0x08001283   Thumb Code    96  misc.o(.text)
    NVIC_SetVectorTable                      0x080012e3   Thumb Code    14  misc.o(.text)
    NVIC_SystemLPConfig                      0x080012f1   Thumb Code    20  misc.o(.text)
    SysTick_CLKSourceConfig                  0x08001305   Thumb Code    24  misc.o(.text)
    EXTI_DeInit                              0x08001329   Thumb Code    28  stm32f4xx_exti.o(.text)
    EXTI_Init                                0x08001345   Thumb Code   108  stm32f4xx_exti.o(.text)
    EXTI_StructInit                          0x080013b1   Thumb Code    14  stm32f4xx_exti.o(.text)
    EXTI_GenerateSWInterrupt                 0x080013bf   Thumb Code    12  stm32f4xx_exti.o(.text)
    EXTI_GetFlagStatus                       0x080013cb   Thumb Code    18  stm32f4xx_exti.o(.text)
    EXTI_ClearFlag                           0x080013dd   Thumb Code     8  stm32f4xx_exti.o(.text)
    EXTI_GetITStatus                         0x080013e5   Thumb Code    28  stm32f4xx_exti.o(.text)
    EXTI_ClearITPendingBit                   0x08001401   Thumb Code     8  stm32f4xx_exti.o(.text)
    SystemInit                               0x080014b3   Thumb Code    74  system_stm32f4xx.o(.text)
    SystemCoreClockUpdate                    0x080014fd   Thumb Code   108  system_stm32f4xx.o(.text)
    Reset_Handler                            0x0800158d   Thumb Code     8  startup_stm32f407xx.o(.text)
    NMI_Handler                              0x08001595   Thumb Code     2  startup_stm32f407xx.o(.text)
    HardFault_Handler                        0x08001597   Thumb Code     2  startup_stm32f407xx.o(.text)
    MemManage_Handler                        0x08001599   Thumb Code     2  startup_stm32f407xx.o(.text)
    BusFault_Handler                         0x0800159b   Thumb Code     2  startup_stm32f407xx.o(.text)
    UsageFault_Handler                       0x0800159d   Thumb Code     2  startup_stm32f407xx.o(.text)
    SVC_Handler                              0x0800159f   Thumb Code     2  startup_stm32f407xx.o(.text)
    DebugMon_Handler                         0x080015a1   Thumb Code     2  startup_stm32f407xx.o(.text)
    PendSV_Handler                           0x080015a3   Thumb Code     2  startup_stm32f407xx.o(.text)
    ADC_IRQHandler                           0x080015a7   Thumb Code     0  startup_stm32f407xx.o(.text)
    CAN1_RX0_IRQHandler                      0x080015a7   Thumb Code     0  startup_stm32f407xx.o(.text)
    CAN1_RX1_IRQHandler                      0x080015a7   Thumb Code     0  startup_stm32f407xx.o(.text)
    CAN1_SCE_IRQHandler                      0x080015a7   Thumb Code     0  startup_stm32f407xx.o(.text)
    CAN1_TX_IRQHandler                       0x080015a7   Thumb Code     0  startup_stm32f407xx.o(.text)
    CAN2_RX0_IRQHandler                      0x080015a7   Thumb Code     0  startup_stm32f407xx.o(.text)
    CAN2_RX1_IRQHandler                      0x080015a7   Thumb Code     0  startup_stm32f407xx.o(.text)
    CAN2_SCE_IRQHandler                      0x080015a7   Thumb Code     0  startup_stm32f407xx.o(.text)
    CAN2_TX_IRQHandler                       0x080015a7   Thumb Code     0  startup_stm32f407xx.o(.text)
    DCMI_IRQHandler                          0x080015a7   Thumb Code     0  startup_stm32f407xx.o(.text)
    DMA1_Stream0_IRQHandler                  0x080015a7   Thumb Code     0  startup_stm32f407xx.o(.text)
    DMA1_Stream1_IRQHandler                  0x080015a7   Thumb Code     0  startup_stm32f407xx.o(.text)
    DMA1_Stream2_IRQHandler                  0x080015a7   Thumb Code     0  startup_stm32f407xx.o(.text)
    DMA1_Stream3_IRQHandler                  0x080015a7   Thumb Code     0  startup_stm32f407xx.o(.text)
    DMA1_Stream4_IRQHandler                  0x080015a7   Thumb Code     0  startup_stm32f407xx.o(.text)
    DMA1_Stream5_IRQHandler                  0x080015a7   Thumb Code     0  startup_stm32f407xx.o(.text)
    DMA1_Stream6_IRQHandler                  0x080015a7   Thumb Code     0  startup_stm32f407xx.o(.text)
    DMA1_Stream7_IRQHandler                  0x080015a7   Thumb Code     0  startup_stm32f407xx.o(.text)
    DMA2_Stream0_IRQHandler                  0x080015a7   Thumb Code     0  startup_stm32f407xx.o(.text)
    DMA2_Stream1_IRQHandler                  0x080015a7   Thumb Code     0  startup_stm32f407xx.o(.text)
    DMA2_Stream2_IRQHandler                  0x080015a7   Thumb Code     0  startup_stm32f407xx.o(.text)
    DMA2_Stream3_IRQHandler                  0x080015a7   Thumb Code     0  startup_stm32f407xx.o(.text)
    DMA2_Stream4_IRQHandler                  0x080015a7   Thumb Code     0  startup_stm32f407xx.o(.text)
    DMA2_Stream5_IRQHandler                  0x080015a7   Thumb Code     0  startup_stm32f407xx.o(.text)
    DMA2_Stream6_IRQHandler                  0x080015a7   Thumb Code     0  startup_stm32f407xx.o(.text)
    DMA2_Stream7_IRQHandler                  0x080015a7   Thumb Code     0  startup_stm32f407xx.o(.text)
    ETH_IRQHandler                           0x080015a7   Thumb Code     0  startup_stm32f407xx.o(.text)
    ETH_WKUP_IRQHandler                      0x080015a7   Thumb Code     0  startup_stm32f407xx.o(.text)
    EXTI0_IRQHandler                         0x080015a7   Thumb Code     0  startup_stm32f407xx.o(.text)
    EXTI15_10_IRQHandler                     0x080015a7   Thumb Code     0  startup_stm32f407xx.o(.text)
    EXTI1_IRQHandler                         0x080015a7   Thumb Code     0  startup_stm32f407xx.o(.text)
    EXTI2_IRQHandler                         0x080015a7   Thumb Code     0  startup_stm32f407xx.o(.text)
    EXTI3_IRQHandler                         0x080015a7   Thumb Code     0  startup_stm32f407xx.o(.text)
    EXTI4_IRQHandler                         0x080015a7   Thumb Code     0  startup_stm32f407xx.o(.text)
    EXTI9_5_IRQHandler                       0x080015a7   Thumb Code     0  startup_stm32f407xx.o(.text)
    FLASH_IRQHandler                         0x080015a7   Thumb Code     0  startup_stm32f407xx.o(.text)
    FMC_IRQHandler                           0x080015a7   Thumb Code     0  startup_stm32f407xx.o(.text)
    FPU_IRQHandler                           0x080015a7   Thumb Code     0  startup_stm32f407xx.o(.text)
    HASH_RNG_IRQHandler                      0x080015a7   Thumb Code     0  startup_stm32f407xx.o(.text)
    I2C1_ER_IRQHandler                       0x080015a7   Thumb Code     0  startup_stm32f407xx.o(.text)
    I2C1_EV_IRQHandler                       0x080015a7   Thumb Code     0  startup_stm32f407xx.o(.text)
    I2C2_ER_IRQHandler                       0x080015a7   Thumb Code     0  startup_stm32f407xx.o(.text)
    I2C2_EV_IRQHandler                       0x080015a7   Thumb Code     0  startup_stm32f407xx.o(.text)
    I2C3_ER_IRQHandler                       0x080015a7   Thumb Code     0  startup_stm32f407xx.o(.text)
    I2C3_EV_IRQHandler                       0x080015a7   Thumb Code     0  startup_stm32f407xx.o(.text)
    OTG_HS_EP1_IN_IRQHandler                 0x080015a7   Thumb Code     0  startup_stm32f407xx.o(.text)
    OTG_HS_EP1_OUT_IRQHandler                0x080015a7   Thumb Code     0  startup_stm32f407xx.o(.text)
    OTG_HS_IRQHandler                        0x080015a7   Thumb Code     0  startup_stm32f407xx.o(.text)
    OTG_HS_WKUP_IRQHandler                   0x080015a7   Thumb Code     0  startup_stm32f407xx.o(.text)
    PVD_IRQHandler                           0x080015a7   Thumb Code     0  startup_stm32f407xx.o(.text)
    RCC_IRQHandler                           0x080015a7   Thumb Code     0  startup_stm32f407xx.o(.text)
    RTC_Alarm_IRQHandler                     0x080015a7   Thumb Code     0  startup_stm32f407xx.o(.text)
    RTC_WKUP_IRQHandler                      0x080015a7   Thumb Code     0  startup_stm32f407xx.o(.text)
    SDIO_IRQHandler                          0x080015a7   Thumb Code     0  startup_stm32f407xx.o(.text)
    SPI1_IRQHandler                          0x080015a7   Thumb Code     0  startup_stm32f407xx.o(.text)
    SPI3_IRQHandler                          0x080015a7   Thumb Code     0  startup_stm32f407xx.o(.text)
    TAMP_STAMP_IRQHandler                    0x080015a7   Thumb Code     0  startup_stm32f407xx.o(.text)
    TIM1_BRK_TIM9_IRQHandler                 0x080015a7   Thumb Code     0  startup_stm32f407xx.o(.text)
    TIM1_CC_IRQHandler                       0x080015a7   Thumb Code     0  startup_stm32f407xx.o(.text)
    TIM1_TRG_COM_TIM11_IRQHandler            0x080015a7   Thumb Code     0  startup_stm32f407xx.o(.text)
    TIM1_UP_TIM10_IRQHandler                 0x080015a7   Thumb Code     0  startup_stm32f407xx.o(.text)
    TIM2_IRQHandler                          0x080015a7   Thumb Code     0  startup_stm32f407xx.o(.text)
    TIM3_IRQHandler                          0x080015a7   Thumb Code     0  startup_stm32f407xx.o(.text)
    TIM4_IRQHandler                          0x080015a7   Thumb Code     0  startup_stm32f407xx.o(.text)
    TIM5_IRQHandler                          0x080015a7   Thumb Code     0  startup_stm32f407xx.o(.text)
    TIM6_DAC_IRQHandler                      0x080015a7   Thumb Code     0  startup_stm32f407xx.o(.text)
    TIM7_IRQHandler                          0x080015a7   Thumb Code     0  startup_stm32f407xx.o(.text)
    TIM8_BRK_TIM12_IRQHandler                0x080015a7   Thumb Code     0  startup_stm32f407xx.o(.text)
    TIM8_CC_IRQHandler                       0x080015a7   Thumb Code     0  startup_stm32f407xx.o(.text)
    TIM8_TRG_COM_TIM14_IRQHandler            0x080015a7   Thumb Code     0  startup_stm32f407xx.o(.text)
    TIM8_UP_TIM13_IRQHandler                 0x080015a7   Thumb Code     0  startup_stm32f407xx.o(.text)
    UART4_IRQHandler                         0x080015a7   Thumb Code     0  startup_stm32f407xx.o(.text)
    UART5_IRQHandler                         0x080015a7   Thumb Code     0  startup_stm32f407xx.o(.text)
    USART1_IRQHandler                        0x080015a7   Thumb Code     0  startup_stm32f407xx.o(.text)
    USART2_IRQHandler                        0x080015a7   Thumb Code     0  startup_stm32f407xx.o(.text)
    USART3_IRQHandler                        0x080015a7   Thumb Code     0  startup_stm32f407xx.o(.text)
    USART6_IRQHandler                        0x080015a7   Thumb Code     0  startup_stm32f407xx.o(.text)
    WWDG_IRQHandler                          0x080015a7   Thumb Code     0  startup_stm32f407xx.o(.text)
    mp45dt02_init                            0x080015b1   Thumb Code   248  microphone.o(.text)
    mp45dt02_start                           0x080016a9   Thumb Code    10  microphone.o(.text)
    SPI2_IRQHandler                          0x080016b3   Thumb Code    76  microphone.o(.text)
    codec_init                               0x0800171d   Thumb Code   314  codec.o(.text)
    send_codec_ctrl                          0x08001857   Thumb Code   144  codec.o(.text)
    read_codec_register                      0x080018e7   Thumb Code   202  codec.o(.text)
    codec_ctrl_init                          0x080019b1   Thumb Code   324  codec.o(.text)
    init_speaker                             0x08001b21   Thumb Code    30  speaker.o(.text)
    send_to_speaker                          0x08001b3f   Thumb Code    50  speaker.o(.text)
    init_serial_port_usb                     0x08001b75   Thumb Code     4  serial_port_usb.o(.text)
    is_serial_port_usb_connected             0x08001b79   Thumb Code    18  serial_port_usb.o(.text)
    read_serial_usb_byte                     0x08001b8b   Thumb Code    18  serial_port_usb.o(.text)
    write_serial_usb_byte                    0x08001b9d   Thumb Code     4  serial_port_usb.o(.text)
    TM_USB_VCP_Init                          0x08001ba1   Thumb Code    36  tm_stm32f4_usb_vcp.o(.text)
    TM_USB_VCP_Getc                          0x08001bc5   Thumb Code    52  tm_stm32f4_usb_vcp.o(.text)
    TM_USB_VCP_Gets                          0x08001bf9   Thumb Code    74  tm_stm32f4_usb_vcp.o(.text)
    TM_USB_VCP_Putc                          0x08001c43   Thumb Code    24  tm_stm32f4_usb_vcp.o(.text)
    TM_USB_VCP_Puts                          0x08001c5b   Thumb Code    20  tm_stm32f4_usb_vcp.o(.text)
    TM_INT_USB_VCP_AddReceived               0x08001c6f   Thumb Code    42  tm_stm32f4_usb_vcp.o(.text)
    TM_USB_VCP_GetStatus                     0x08001c99   Thumb Code    16  tm_stm32f4_usb_vcp.o(.text)
    USB_OTG_BSP_Init                         0x08001cc1   Thumb Code   154  usb_bsp.o(.text)
    USB_OTG_BSP_EnableInterrupt              0x08001d5b   Thumb Code    40  usb_bsp.o(.text)
    USB_OTG_BSP_uDelay                       0x08001d83   Thumb Code    22  usb_bsp.o(.text)
    USB_OTG_BSP_mDelay                       0x08001d99   Thumb Code     8  usb_bsp.o(.text)
    OTG_FS_WKUP_IRQHandler                   0x08001da1   Thumb Code     8  usb_bsp.o(.text)
    OTG_FS_IRQHandler                        0x08001da9   Thumb Code     6  usb_bsp.o(.text)
    USB_OTG_WritePacket                      0x08001e0d   Thumb Code    40  usb_core.o(.text)
    USB_OTG_ReadPacket                       0x08001e35   Thumb Code    32  usb_core.o(.text)
    USB_OTG_SelectCore                       0x08001e55   Thumb Code   188  usb_core.o(.text)
    USB_OTG_CoreInit                         0x08001f11   Thumb Code   128  usb_core.o(.text)
    USB_OTG_EnableGlobalInt                  0x08001f91   Thumb Code    16  usb_core.o(.text)
    USB_OTG_DisableGlobalInt                 0x08001fa1   Thumb Code    16  usb_core.o(.text)
    USB_OTG_FlushTxFifo                      0x08001fb1   Thumb Code    62  usb_core.o(.text)
    USB_OTG_FlushRxFifo                      0x08001fef   Thumb Code    54  usb_core.o(.text)
    USB_OTG_SetCurrentMode                   0x08002025   Thumb Code    42  usb_core.o(.text)
    USB_OTG_GetMode                          0x0800204f   Thumb Code    10  usb_core.o(.text)
    USB_OTG_IsDeviceMode                     0x08002059   Thumb Code    18  usb_core.o(.text)
    USB_OTG_IsHostMode                       0x0800206b   Thumb Code    14  usb_core.o(.text)
    USB_OTG_ReadCoreItr                      0x08002079   Thumb Code    10  usb_core.o(.text)
    USB_OTG_ReadOtgItr                       0x08002083   Thumb Code     6  usb_core.o(.text)
    USB_OTG_InitDevSpeed                     0x08002089   Thumb Code    12  usb_core.o(.text)
    USB_OTG_EnableDevInt                     0x08002095   Thumb Code    66  usb_core.o(.text)
    USB_OTG_CoreInitDev                      0x080020d7   Thumb Code   312  usb_core.o(.text)
    USB_OTG_GetDeviceSpeed                   0x0800220f   Thumb Code    38  usb_core.o(.text)
    USB_OTG_EP0Activate                      0x08002235   Thumb Code    58  usb_core.o(.text)
    USB_OTG_EPActivate                       0x0800226f   Thumb Code    82  usb_core.o(.text)
    USB_OTG_EPDeactivate                     0x080022c1   Thumb Code    52  usb_core.o(.text)
    USB_OTG_EPStartXfer                      0x080022f5   Thumb Code   298  usb_core.o(.text)
    USB_OTG_EP0StartXfer                     0x0800241f   Thumb Code   184  usb_core.o(.text)
    USB_OTG_EPSetStall                       0x080024d7   Thumb Code    48  usb_core.o(.text)
    USB_OTG_EPClearStall                     0x08002507   Thumb Code    50  usb_core.o(.text)
    USB_OTG_ReadDevAllOutEp_itr              0x08002539   Thumb Code    12  usb_core.o(.text)
    USB_OTG_ReadDevOutEP_itr                 0x08002545   Thumb Code    16  usb_core.o(.text)
    USB_OTG_ReadDevAllInEPItr                0x08002555   Thumb Code    12  usb_core.o(.text)
    USB_OTG_EP0_OutStart                     0x08002561   Thumb Code    32  usb_core.o(.text)
    USB_OTG_ActiveRemoteWakeup               0x08002581   Thumb Code    66  usb_core.o(.text)
    USB_OTG_UngateClock                      0x080025c3   Thumb Code    30  usb_core.o(.text)
    USB_OTG_StopDevice                       0x080025e1   Thumb Code    72  usb_core.o(.text)
    USB_OTG_GetEPStatus                      0x08002629   Thumb Code    66  usb_core.o(.text)
    USB_OTG_SetEPStatus                      0x0800266b   Thumb Code   106  usb_core.o(.text)
    DCD_Init                                 0x080026d9   Thumb Code   146  usb_dcd.o(.text)
    DCD_EP_Open                              0x0800276b   Thumb Code    60  usb_dcd.o(.text)
    DCD_EP_Close                             0x080027a7   Thumb Code    44  usb_dcd.o(.text)
    DCD_EP_PrepareRx                         0x080027d3   Thumb Code    68  usb_dcd.o(.text)
    DCD_EP_Tx                                0x08002817   Thumb Code    62  usb_dcd.o(.text)
    DCD_EP_Stall                             0x08002855   Thumb Code    56  usb_dcd.o(.text)
    DCD_EP_ClrStall                          0x0800288d   Thumb Code    56  usb_dcd.o(.text)
    DCD_EP_Flush                             0x080028c5   Thumb Code    24  usb_dcd.o(.text)
    DCD_EP_SetAddress                        0x080028dd   Thumb Code    16  usb_dcd.o(.text)
    DCD_DevConnect                           0x080028ed   Thumb Code    16  usb_dcd.o(.text)
    DCD_DevDisconnect                        0x080028fd   Thumb Code    16  usb_dcd.o(.text)
    DCD_GetEPStatus                          0x0800290d   Thumb Code    38  usb_dcd.o(.text)
    DCD_SetEPStatus                          0x08002933   Thumb Code    38  usb_dcd.o(.text)
    USBD_OTG_ISR_Handler                     0x08002a1f   Thumb Code   326  usb_dcd_int.o(.text)
    VCP_DataTx                               0x08003077   Thumb Code    42  usbd_cdc_vcp.o(.text)
    VCP_DataRx                               0x080030a1   Thumb Code    26  usbd_cdc_vcp.o(.text)
    USBD_DeInit                              0x080030c9   Thumb Code     4  usbd_core.o(.text)
    USBD_Init                                0x080030cd   Thumb Code    52  usbd_core.o(.text)
    USBD_SetCfg                              0x080032d9   Thumb Code    26  usbd_core.o(.text)
    USBD_ClrCfg                              0x080032f3   Thumb Code    14  usbd_core.o(.text)
    USBD_USR_DeviceDescriptor                0x08003321   Thumb Code     8  usbd_desc.o(.text)
    USBD_USR_LangIDStrDescriptor             0x08003329   Thumb Code    10  usbd_desc.o(.text)
    USBD_USR_ProductStrDescriptor            0x08003333   Thumb Code    16  usbd_desc.o(.text)
    USBD_USR_ManufacturerStrDescriptor       0x08003343   Thumb Code    16  usbd_desc.o(.text)
    USBD_USR_SerialStrDescriptor             0x08003353   Thumb Code    16  usbd_desc.o(.text)
    USBD_USR_ConfigStrDescriptor             0x08003363   Thumb Code    16  usbd_desc.o(.text)
    USBD_USR_InterfaceStrDescriptor          0x08003373   Thumb Code    16  usbd_desc.o(.text)
    USBD_CtlSendData                         0x080033f1   Thumb Code    32  usbd_ioreq.o(.text)
    USBD_CtlContinueSendData                 0x08003411   Thumb Code    18  usbd_ioreq.o(.text)
    USBD_CtlPrepareRx                        0x08003423   Thumb Code    32  usbd_ioreq.o(.text)
    USBD_CtlContinueRx                       0x08003443   Thumb Code    18  usbd_ioreq.o(.text)
    USBD_CtlSendStatus                       0x08003455   Thumb Code    34  usbd_ioreq.o(.text)
    USBD_CtlReceiveStatus                    0x08003477   Thumb Code    34  usbd_ioreq.o(.text)
    USBD_GetRxCount                          0x08003499   Thumb Code    16  usbd_ioreq.o(.text)
    USBD_CtlError                            0x080034a9   Thumb Code    28  usbd_req.o(.text)
    USBD_StdDevReq                           0x08003601   Thumb Code   236  usbd_req.o(.text)
    USBD_StdItfReq                           0x080036ed   Thumb Code    54  usbd_req.o(.text)
    USBD_StdEPReq                            0x08003723   Thumb Code   208  usbd_req.o(.text)
    USBD_ParseSetupRequest                   0x080037f3   Thumb Code    68  usbd_req.o(.text)
    USBD_GetString                           0x08003837   Thumb Code    70  usbd_req.o(.text)
    USBD_USR_Init                            0x080038fd   Thumb Code     8  usbd_usr.o(.text)
    USBD_USR_DeviceReset                     0x08003905   Thumb Code     8  usbd_usr.o(.text)
    USBD_USR_DeviceConfigured                0x0800390d   Thumb Code     8  usbd_usr.o(.text)
    USBD_USR_DeviceSuspended                 0x08003915   Thumb Code     8  usbd_usr.o(.text)
    USBD_USR_DeviceResumed                   0x0800391d   Thumb Code     8  usbd_usr.o(.text)
    USBD_USR_DeviceConnected                 0x08003925   Thumb Code     8  usbd_usr.o(.text)
    USBD_USR_DeviceDisconnected              0x0800392d   Thumb Code     8  usbd_usr.o(.text)
    USBD_User_GetStatus                      0x08003935   Thumb Code     6  usbd_usr.o(.text)
    PDM_Filter_Init                          0x08003941   Thumb Code   222  pdm_filter.o(.text)
    PDM_Filter_64_LSB                        0x08003a1f   Thumb Code   660  pdm_filter.o(.text)
    PDM_Filter_80_LSB                        0x08003cb3   Thumb Code   692  pdm_filter.o(.text)
    PDM_Filter_64_MSB                        0x08003f67   Thumb Code   658  pdm_filter.o(.text)
    PDM_Filter_80_MSB                        0x080041f9   Thumb Code   830  pdm_filter.o(.text)
    arm_sin_f32                              0x0800453d   Thumb Code   104  arm_sin_f32.o(.text)
    __ARM_scalbnf                            0x080045b1   Thumb Code    24  fscalb.o(.text)
    scalbnf                                  0x080045b1   Thumb Code     0  fscalb.o(.text)
    __aeabi_dadd                             0x080045c9   Thumb Code   322  dadd.o(.text)
    __aeabi_dsub                             0x0800470b   Thumb Code     6  dadd.o(.text)
    __aeabi_drsub                            0x08004711   Thumb Code     6  dadd.o(.text)
    __aeabi_dmul                             0x08004717   Thumb Code   228  dmul.o(.text)
    __aeabi_ddiv                             0x080047fb   Thumb Code   222  ddiv.o(.text)
    __aeabi_ui2d                             0x080048d9   Thumb Code    26  dfltui.o(.text)
    __aeabi_d2uiz                            0x080048f3   Thumb Code    50  dfixui.o(.text)
    __aeabi_f2d                              0x08004925   Thumb Code    38  f2d.o(.text)
    __aeabi_d2f                              0x0800494b   Thumb Code    56  d2f.o(.text)
    __aeabi_llsl                             0x08004983   Thumb Code    30  llshl.o(.text)
    _ll_shift_l                              0x08004983   Thumb Code     0  llshl.o(.text)
    __aeabi_llsr                             0x080049a1   Thumb Code    32  llushr.o(.text)
    _ll_ushift_r                             0x080049a1   Thumb Code     0  llushr.o(.text)
    __aeabi_lasr                             0x080049c1   Thumb Code    36  llsshr.o(.text)
    _ll_sshift_r                             0x080049c1   Thumb Code     0  llsshr.o(.text)
    __I$use$fp                               0x080049e5   Thumb Code     0  iusefp.o(.text)
    _float_round                             0x080049e5   Thumb Code    18  fepilogue.o(.text)
    _float_epilogue                          0x080049f7   Thumb Code    92  fepilogue.o(.text)
    _double_round                            0x08004a53   Thumb Code    30  depilogue.o(.text)
    _double_epilogue                         0x08004a71   Thumb Code   156  depilogue.o(.text)
    __scatterload                            0x08004b0d   Thumb Code    28  init.o(.text)
    __scatterload_rt2                        0x08004b0d   Thumb Code     0  init.o(.text)
    __decompress                             0x08004b31   Thumb Code     0  __dczerorl2.o(.text)
    __decompress1                            0x08004b31   Thumb Code    86  __dczerorl2.o(.text)
    __scatterload_copy                       0x08004b87   Thumb Code    14  handlers.o(i.__scatterload_copy)
    __scatterload_null                       0x08004b95   Thumb Code     2  handlers.o(i.__scatterload_null)
    __scatterload_zeroinit                   0x08004b97   Thumb Code    14  handlers.o(i.__scatterload_zeroinit)
    sinTable_f32                             0x08004ba4   Data        2052  arm_common_tables.o(.constdata)
    Region$$Table$$Base                      0x080053a8   Number         0  anon$$obj.o(Region$$Table)
    Region$$Table$$Limit                     0x080053c8   Number         0  anon$$obj.o(Region$$Table)
    mmsTicks                                 0x20000000   Data           4  main.o(.data)
    SystemCoreClock                          0x20000014   Data           4  system_stm32f4xx.o(.data)
    AHBPrescTable                            0x20000018   Data          16  system_stm32f4xx.o(.data)
    Audio_Data_Status                        0x20000028   Data           4  microphone.o(.data)
    mic_out_buf                              0x20000034   Data           4  microphone_functions.o(.data)
    TM_USB_VCP_INT_Init                      0x2000003c   Data           1  tm_stm32f4_usb_vcp.o(.data)
    tm_int_usb_vcp_buf_in                    0x20000040   Data           4  tm_stm32f4_usb_vcp.o(.data)
    tm_int_usb_vcp_buf_out                   0x20000044   Data           4  tm_stm32f4_usb_vcp.o(.data)
    tm_int_usb_vcp_buf_num                   0x20000048   Data           4  tm_stm32f4_usb_vcp.o(.data)
    USB_Tx_State                             0x2000004c   Data           1  usbd_cdc_core.o(.data)
    APP_Rx_ptr_in                            0x20000054   Data           4  usbd_cdc_core.o(.data)
    APP_Rx_ptr_out                           0x20000058   Data           4  usbd_cdc_core.o(.data)
    APP_Rx_length                            0x2000005c   Data           4  usbd_cdc_core.o(.data)
    CmdBuff                                  0x2000006c   Data           8  usbd_cdc_core.o(.data)
    usbd_cdc_CfgDesc                         0x20000074   Data          67  usbd_cdc_core.o(.data)
    USBD_CDC_cb                              0x200000b8   Data          44  usbd_cdc_core.o(.data)
    linecoding                               0x200000e4   Data           8  usbd_cdc_vcp.o(.data)
    VCP_fops                                 0x200000ec   Data          20  usbd_cdc_vcp.o(.data)
    USBD_DCD_INT_cb                          0x20000100   Data          44  usbd_core.o(.data)
    USBD_DCD_INT_fops                        0x2000012c   Data           4  usbd_core.o(.data)
    SET_TEST_MODE                            0x20000130   Data           4  usbd_core.o(.data)
    USR_desc                                 0x20000134   Data          28  usbd_desc.o(.data)
    USBD_LangIDDesc                          0x20000150   Data           4  usbd_desc.o(.data)
    USBD_DeviceDesc                          0x20000154   Data          18  usbd_desc.o(.data)
    USBD_ep_status                           0x2000016c   Data           4  usbd_req.o(.data)
    USBD_default_cfg                         0x20000170   Data           4  usbd_req.o(.data)
    USBD_cfg_status                          0x20000174   Data           4  usbd_req.o(.data)
    TM_USB_VCP_INT_Status                    0x20000178   Data           1  usbd_usr.o(.data)
    USR_cb                                   0x2000017c   Data          28  usbd_usr.o(.data)
    stm32_crc                                0x20000198   Data           4  pdm_filter.o(.data)
    T0                                       0x2000019c   Data         256  pdm_filter.o(.data)
    T1                                       0x2000029c   Data         256  pdm_filter.o(.data)
    T2                                       0x2000039c   Data         256  pdm_filter.o(.data)
    TM_INT_USB_VCP_ReceiveBuffer             0x20000550   Data         128  tm_stm32f4_usb_vcp.o(.bss)
    USB_OTG_dev                              0x200005d0   Data        1524  tm_stm32f4_usb_vcp.o(.bss)
    USB_Rx_Buffer                            0x20000bc4   Data          64  usbd_cdc_core.o(.bss)
    APP_Rx_Buffer                            0x20000c04   Data        2048  usbd_cdc_core.o(.bss)
    USBD_StrDesc                             0x20001404   Data         255  usbd_req.o(.bss)
    __initial_sp                             0x20001b08   Data           0  startup_stm32f407xx.o(STACK)



==============================================================================

Memory Map of the image

  Image Entry point : 0x08000189

  Load Region LR_IROM1 (Base: 0x08000000, Size: 0x00005864, Max: 0x00100000, ABSOLUTE, COMPRESSED[0x000056c8])

    Execution Region ER_IROM1 (Base: 0x08000000, Size: 0x000053c8, Max: 0x00100000, ABSOLUTE)

    Base Addr    Size         Type   Attr      Idx    E Section Name        Object

    0x08000000   0x00000188   Data   RO          520    RESET               startup_stm32f407xx.o
    0x08000188   0x00000000   Code   RO         1356  * .ARM.Collect$$$$00000000  mc_w.l(entry.o)
    0x08000188   0x00000004   Code   RO         1375    .ARM.Collect$$$$00000001  mc_w.l(entry2.o)
    0x0800018c   0x00000004   Code   RO         1378    .ARM.Collect$$$$00000004  mc_w.l(entry5.o)
    0x08000190   0x00000000   Code   RO         1380    .ARM.Collect$$$$00000008  mc_w.l(entry7b.o)
    0x08000190   0x00000000   Code   RO         1382    .ARM.Collect$$$$0000000A  mc_w.l(entry8b.o)
    0x08000190   0x00000008   Code   RO         1383    .ARM.Collect$$$$0000000B  mc_w.l(entry9a.o)
    0x08000198   0x00000000   Code   RO         1385    .ARM.Collect$$$$0000000D  mc_w.l(entry10a.o)
    0x08000198   0x00000000   Code   RO         1387    .ARM.Collect$$$$0000000F  mc_w.l(entry11a.o)
    0x08000198   0x00000004   Code   RO         1376    .ARM.Collect$$$$00002712  mc_w.l(entry2.o)
    0x0800019c   0x000004f4   Code   RO            4    .text               main.o
    0x08000690   0x000003d0   Code   RO          169    .text               stm32f4xx_rcc.o
    0x08000a60   0x000002f0   Code   RO          195    .text               stm32f4xx_spi.o
    0x08000d50   0x0000033c   Code   RO          222    .text               stm32f4xx_i2c.o
    0x0800108c   0x000001ec   Code   RO          249    .text               stm32f4xx_gpio.o
    0x08001278   0x000000b0   Code   RO          276    .text               misc.o
    0x08001328   0x000000e8   Code   RO          328    .text               stm32f4xx_exti.o
    0x08001410   0x0000017c   Code   RO          478    .text               system_stm32f4xx.o
    0x0800158c   0x00000024   Code   RO          521    .text               startup_stm32f407xx.o
    0x080015b0   0x0000016c   Code   RO          528    .text               microphone.o
    0x0800171c   0x00000404   Code   RO          667    .text               codec.o
    0x08001b20   0x00000054   Code   RO          694    .text               speaker.o
    0x08001b74   0x0000002c   Code   RO          721    .text               serial_port_usb.o
    0x08001ba0   0x00000120   Code   RO          792    .text               tm_stm32f4_usb_vcp.o
    0x08001cc0   0x000000f8   Code   RO          869    .text               usb_bsp.o
    0x08001db8   0x00000920   Code   RO          897    .text               usb_core.o
    0x080026d8   0x00000280   Code   RO          922    .text               usb_dcd.o
    0x08002958   0x0000048c   Code   RO          946    .text               usb_dcd_int.o
    0x08002de4   0x0000023c   Code   RO          974    .text               usbd_cdc_core.o
    0x08003020   0x000000a8   Code   RO         1010    .text               usbd_cdc_vcp.o
    0x080030c8   0x00000258   Code   RO         1039    .text               usbd_core.o
    0x08003320   0x000000d0   Code   RO         1072    .text               usbd_desc.o
    0x080033f0   0x000000b8   Code   RO         1105    .text               usbd_ioreq.o
    0x080034a8   0x00000454   Code   RO         1129    .text               usbd_req.o
    0x080038fc   0x00000044   Code   RO         1162    .text               usbd_usr.o
    0x08003940   0x00000bfc   Code   RO         1191    .text               libPDMFilter_Keil.lib(pdm_filter.o)
    0x0800453c   0x00000074   Code   RO         1197    .text               arm_cortexM4lf_math.lib(arm_sin_f32.o)
    0x080045b0   0x00000018   Code   RO         1359    .text               mf_w.l(fscalb.o)
    0x080045c8   0x0000014e   Code   RO         1361    .text               mf_w.l(dadd.o)
    0x08004716   0x000000e4   Code   RO         1363    .text               mf_w.l(dmul.o)
    0x080047fa   0x000000de   Code   RO         1365    .text               mf_w.l(ddiv.o)
    0x080048d8   0x0000001a   Code   RO         1367    .text               mf_w.l(dfltui.o)
    0x080048f2   0x00000032   Code   RO         1369    .text               mf_w.l(dfixui.o)
    0x08004924   0x00000026   Code   RO         1371    .text               mf_w.l(f2d.o)
    0x0800494a   0x00000038   Code   RO         1373    .text               mf_w.l(d2f.o)
    0x08004982   0x0000001e   Code   RO         1389    .text               mc_w.l(llshl.o)
    0x080049a0   0x00000020   Code   RO         1391    .text               mc_w.l(llushr.o)
    0x080049c0   0x00000024   Code   RO         1393    .text               mc_w.l(llsshr.o)
    0x080049e4   0x00000000   Code   RO         1395    .text               mc_w.l(iusefp.o)
    0x080049e4   0x0000006e   Code   RO         1396    .text               mf_w.l(fepilogue.o)
    0x08004a52   0x000000ba   Code   RO         1398    .text               mf_w.l(depilogue.o)
    0x08004b0c   0x00000024   Code   RO         1400    .text               mc_w.l(init.o)
    0x08004b30   0x00000056   Code   RO         1410    .text               mc_w.l(__dczerorl2.o)
    0x08004b86   0x0000000e   Code   RO         1404    i.__scatterload_copy  mc_w.l(handlers.o)
    0x08004b94   0x00000002   Code   RO         1405    i.__scatterload_null  mc_w.l(handlers.o)
    0x08004b96   0x0000000e   Code   RO         1406    i.__scatterload_zeroinit  mc_w.l(handlers.o)
    0x08004ba4   0x00000804   Data   RO         1333    .constdata          arm_cortexM4lf_math.lib(arm_common_tables.o)
    0x080053a8   0x00000020   Data   RO         1402    Region$$Table       anon$$obj.o


    Execution Region RW_IRAM1 (Base: 0x20000000, Size: 0x00001b08, Max: 0x00020000, ABSOLUTE, COMPRESSED[0x00000300])

    Base Addr    Size         Type   Attr      Idx    E Section Name        Object

    0x20000000   0x00000004   Data   RW            5    .data               main.o
    0x20000004   0x00000010   Data   RW          170    .data               stm32f4xx_rcc.o
    0x20000014   0x00000014   Data   RW          479    .data               system_stm32f4xx.o
    0x20000028   0x00000008   Data   RW          530    .data               microphone.o
    0x20000030   0x0000000c   Data   RW          595    .data               microphone_functions.o
    0x2000003c   0x00000010   Data   RW          794    .data               tm_stm32f4_usb_vcp.o
    0x2000004c   0x0000006b   Data   RW          977    .data               usbd_cdc_core.o
    0x200000b7   0x00000001   PAD
    0x200000b8   0x0000002c   Data   RW          978    .data               usbd_cdc_core.o
    0x200000e4   0x00000008   Data   RW         1011    .data               usbd_cdc_vcp.o
    0x200000ec   0x00000014   Data   RW         1012    .data               usbd_cdc_vcp.o
    0x20000100   0x0000002c   Data   RW         1040    .data               usbd_core.o
    0x2000012c   0x00000004   Data   RW         1041    .data               usbd_core.o
    0x20000130   0x00000004   Data   RW         1042    .data               usbd_core.o
    0x20000134   0x0000001c   Data   RW         1073    .data               usbd_desc.o
    0x20000150   0x00000016   Data   RW         1074    .data               usbd_desc.o
    0x20000166   0x00000002   PAD
    0x20000168   0x00000010   Data   RW         1131    .data               usbd_req.o
    0x20000178   0x00000001   Data   RW         1163    .data               usbd_usr.o
    0x20000179   0x00000003   PAD
    0x2000017c   0x0000001c   Data   RW         1164    .data               usbd_usr.o
    0x20000198   0x00000304   Data   RW         1192    .data               libPDMFilter_Keil.lib(pdm_filter.o)
    0x2000049c   0x000000b4   Zero   RW          529    .bss                microphone.o
    0x20000550   0x00000674   Zero   RW          793    .bss                tm_stm32f4_usb_vcp.o
    0x20000bc4   0x00000840   Zero   RW          976    .bss                usbd_cdc_core.o
    0x20001404   0x000000ff   Zero   RW         1130    .bss                usbd_req.o
    0x20001503   0x00000005   PAD
    0x20001508   0x00000600   Zero   RW          518    STACK               startup_stm32f407xx.o


==============================================================================

Image component sizes


      Code (inc. data)   RO Data    RW Data    ZI Data      Debug   Object Name

      1028         44          0          0          0       2217   codec.o
      1268        362          0          4          0     280194   main.o
       364         30          0          8        180       2181   microphone.o
         0          0          0         12          0        714   microphone_functions.o
       176         12          0          0          0       2053   misc.o
        44          0          0          0          0       1407   serial_port_usb.o
        84          4          0          0          0        731   speaker.o
        36          8        392          0       1536        832   startup_stm32f407xx.o
         0          0          0          0          0      12876   stm32f4xx_adc.o
       232          8          0          0          0       4931   stm32f4xx_exti.o
       492         36          0          0          0      10885   stm32f4xx_gpio.o
       828         20          0          0          0      16827   stm32f4xx_i2c.o
       976         36          0         16          0      11527   stm32f4xx_rcc.o
       752         22          0          0          0      15469   stm32f4xx_spi.o
       380         36          0         20          0       1947   system_stm32f4xx.o
       288         24          0         16       1652      25579   tm_stm32f4_usb_vcp.o
       248         10          0          0          0       2116   usb_bsp.o
      2336         18          0          0          0      13670   usb_core.o
       640          0          0          0          0       4452   usb_dcd.o
      1164         16          0          0          0       5131   usb_dcd_int.o
       572         16          0        151       2112       5456   usbd_cdc_core.o
       168         14          0         28          0       2352   usbd_cdc_vcp.o
       600          4          0         52          0       5376   usbd_core.o
       208        110          0         50          0       3512   usbd_desc.o
       184          0          0          0          0       2626   usbd_ioreq.o
      1108         36          0         16        255       5609   usbd_req.o
        68          6          0         29          0       1767   usbd_usr.o

    ----------------------------------------------------------------------
     14244        872        424        408       5740     442437   Object Totals
         0          0         32          0          0          0   (incl. Generated)
         0          0          0          6          5          0   (incl. Padding)

    ----------------------------------------------------------------------

      Code (inc. data)   RO Data    RW Data    ZI Data      Debug   Library Member Name

         0          0       2052          0          0       4636   arm_common_tables.o
       116         12          0          0          0      16974   arm_sin_f32.o
      3068         54          0        772          0        268   pdm_filter.o
        86          0          0          0          0          0   __dczerorl2.o
         0          0          0          0          0          0   entry.o
         0          0          0          0          0          0   entry10a.o
         0          0          0          0          0          0   entry11a.o
         8          4          0          0          0          0   entry2.o
         4          0          0          0          0          0   entry5.o
         0          0          0          0          0          0   entry7b.o
         0          0          0          0          0          0   entry8b.o
         8          4          0          0          0          0   entry9a.o
        30          0          0          0          0          0   handlers.o
        36          8          0          0          0         68   init.o
         0          0          0          0          0          0   iusefp.o
        30          0          0          0          0         68   llshl.o
        36          0          0          0          0         68   llsshr.o
        32          0          0          0          0         68   llushr.o
        56          0          0          0          0         88   d2f.o
       334          0          0          0          0        148   dadd.o
       222          0          0          0          0        100   ddiv.o
       186          0          0          0          0        176   depilogue.o
        50          0          0          0          0         76   dfixui.o
        26          0          0          0          0         76   dfltui.o
       228          0          0          0          0         96   dmul.o
        38          0          0          0          0         68   f2d.o
       110          0          0          0          0        168   fepilogue.o
        24          0          0          0          0         68   fscalb.o

    ----------------------------------------------------------------------
      4728         82       2052        772          0      23214   Library Totals
         0          0          0          0          0          0   (incl. Padding)

    ----------------------------------------------------------------------

      Code (inc. data)   RO Data    RW Data    ZI Data      Debug   Library Name

       116         12       2052          0          0      21610   arm_cortexM4lf_math.lib
      3068         54          0        772          0        268   libPDMFilter_Keil.lib
       270         16          0          0          0        272   mc_w.l
      1274          0          0          0          0       1064   mf_w.l

    ----------------------------------------------------------------------
      4728         82       2052        772          0      23214   Library Totals

    ----------------------------------------------------------------------

==============================================================================


      Code (inc. data)   RO Data    RW Data    ZI Data      Debug   

     18972        954       2476       1180       5740     459811   Grand Totals
     18972        954       2476        768       5740     459811   ELF Image Totals (compressed)
     18972        954       2476        768          0          0   ROM Totals

==============================================================================

    Total RO  Size (Code + RO Data)                21448 (  20.95kB)
    Total RW  Size (RW Data + ZI Data)              6920 (   6.76kB)
    Total ROM Size (Code + RO Data + RW Data)      22216 (  21.70kB)

==============================================================================

